Archive member included to satisfy reference by file (symbol)

c:/progra~2/gnuarm~1/102021~1.10/bin/../lib/gcc/arm-none-eabi/10.3.1/thumb/v6-m/nofp\libgcc.a(_dvmd_tls.o)
                              CMakeFiles/button_buzzer_bdl.dir/C_/pico/pico-sdk/src/rp2_common/pico_divider/divider_hardware.S.obj (__aeabi_idiv0)
c:/progra~2/gnuarm~1/102021~1.10/bin/../lib/gcc/arm-none-eabi/10.3.1/../../../../arm-none-eabi/lib/thumb/v6-m/nofp\libg.a(lib_a-calloc.o)
                              CMakeFiles/button_buzzer_bdl.dir/C_/pico/pico-sdk/src/rp2_common/pico_malloc/malloc.c.obj (calloc)
c:/progra~2/gnuarm~1/102021~1.10/bin/../lib/gcc/arm-none-eabi/10.3.1/../../../../arm-none-eabi/lib/thumb/v6-m/nofp\libg.a(lib_a-callocr.o)
                              c:/progra~2/gnuarm~1/102021~1.10/bin/../lib/gcc/arm-none-eabi/10.3.1/../../../../arm-none-eabi/lib/thumb/v6-m/nofp\libg.a(lib_a-calloc.o) (_calloc_r)
c:/progra~2/gnuarm~1/102021~1.10/bin/../lib/gcc/arm-none-eabi/10.3.1/../../../../arm-none-eabi/lib/thumb/v6-m/nofp\libg.a(lib_a-errno.o)
                              c:/progra~2/gnuarm~1/102021~1.10/bin/../lib/gcc/arm-none-eabi/10.3.1/../../../../arm-none-eabi/lib/thumb/v6-m/nofp\libg.a(lib_a-callocr.o) (__errno)
c:/progra~2/gnuarm~1/102021~1.10/bin/../lib/gcc/arm-none-eabi/10.3.1/../../../../arm-none-eabi/lib/thumb/v6-m/nofp\libg.a(lib_a-impure.o)
                              c:/progra~2/gnuarm~1/102021~1.10/bin/../lib/gcc/arm-none-eabi/10.3.1/../../../../arm-none-eabi/lib/thumb/v6-m/nofp\libg.a(lib_a-calloc.o) (_impure_ptr)
c:/progra~2/gnuarm~1/102021~1.10/bin/../lib/gcc/arm-none-eabi/10.3.1/../../../../arm-none-eabi/lib/thumb/v6-m/nofp\libg.a(lib_a-init.o)
                              c:/progra~2/gnuarm~1/102021~1.10/bin/../lib/gcc/arm-none-eabi/10.3.1/../../../../arm-none-eabi/lib/thumb/v6-m/nofp/crt0.o (__libc_init_array)
c:/progra~2/gnuarm~1/102021~1.10/bin/../lib/gcc/arm-none-eabi/10.3.1/../../../../arm-none-eabi/lib/thumb/v6-m/nofp\libg.a(lib_a-lcltime_r.o)
                              CMakeFiles/button_buzzer_bdl.dir/C_/pico/pico-sdk/src/common/pico_util/datetime.c.obj (localtime_r)
c:/progra~2/gnuarm~1/102021~1.10/bin/../lib/gcc/arm-none-eabi/10.3.1/../../../../arm-none-eabi/lib/thumb/v6-m/nofp\libg.a(lib_a-malloc.o)
                              CMakeFiles/button_buzzer_bdl.dir/C_/pico/pico-sdk/src/rp2_common/pico_malloc/malloc.c.obj (malloc)
c:/progra~2/gnuarm~1/102021~1.10/bin/../lib/gcc/arm-none-eabi/10.3.1/../../../../arm-none-eabi/lib/thumb/v6-m/nofp\libg.a(lib_a-mallocr.o)
                              c:/progra~2/gnuarm~1/102021~1.10/bin/../lib/gcc/arm-none-eabi/10.3.1/../../../../arm-none-eabi/lib/thumb/v6-m/nofp\libg.a(lib_a-callocr.o) (_malloc_r)
c:/progra~2/gnuarm~1/102021~1.10/bin/../lib/gcc/arm-none-eabi/10.3.1/../../../../arm-none-eabi/lib/thumb/v6-m/nofp\libg.a(lib_a-memcmp.o)
                              CMakeFiles/button_buzzer_bdl.dir/C_/pico/pico-sdk/src/rp2_common/pico_atomic/atomic.c.obj (memcmp)
c:/progra~2/gnuarm~1/102021~1.10/bin/../lib/gcc/arm-none-eabi/10.3.1/../../../../arm-none-eabi/lib/thumb/v6-m/nofp\libg.a(lib_a-mktime.o)
                              CMakeFiles/button_buzzer_bdl.dir/C_/pico/pico-sdk/src/common/pico_util/datetime.c.obj (mktime)
c:/progra~2/gnuarm~1/102021~1.10/bin/../lib/gcc/arm-none-eabi/10.3.1/../../../../arm-none-eabi/lib/thumb/v6-m/nofp\libg.a(lib_a-mlock.o)
                              c:/progra~2/gnuarm~1/102021~1.10/bin/../lib/gcc/arm-none-eabi/10.3.1/../../../../arm-none-eabi/lib/thumb/v6-m/nofp\libg.a(lib_a-mallocr.o) (__malloc_lock)
c:/progra~2/gnuarm~1/102021~1.10/bin/../lib/gcc/arm-none-eabi/10.3.1/../../../../arm-none-eabi/lib/thumb/v6-m/nofp\libg.a(lib_a-month_lengths.o)
                              c:/progra~2/gnuarm~1/102021~1.10/bin/../lib/gcc/arm-none-eabi/10.3.1/../../../../arm-none-eabi/lib/thumb/v6-m/nofp\libg.a(lib_a-lcltime_r.o) (__month_lengths)
c:/progra~2/gnuarm~1/102021~1.10/bin/../lib/gcc/arm-none-eabi/10.3.1/../../../../arm-none-eabi/lib/thumb/v6-m/nofp\libg.a(lib_a-realloc.o)
                              CMakeFiles/button_buzzer_bdl.dir/C_/pico/pico-sdk/src/rp2_common/pico_malloc/malloc.c.obj (realloc)
c:/progra~2/gnuarm~1/102021~1.10/bin/../lib/gcc/arm-none-eabi/10.3.1/../../../../arm-none-eabi/lib/thumb/v6-m/nofp\libg.a(lib_a-reallocr.o)
                              c:/progra~2/gnuarm~1/102021~1.10/bin/../lib/gcc/arm-none-eabi/10.3.1/../../../../arm-none-eabi/lib/thumb/v6-m/nofp\libg.a(lib_a-realloc.o) (_realloc_r)
c:/progra~2/gnuarm~1/102021~1.10/bin/../lib/gcc/arm-none-eabi/10.3.1/../../../../arm-none-eabi/lib/thumb/v6-m/nofp\libg.a(lib_a-sbrkr.o)
                              c:/progra~2/gnuarm~1/102021~1.10/bin/../lib/gcc/arm-none-eabi/10.3.1/../../../../arm-none-eabi/lib/thumb/v6-m/nofp\libg.a(lib_a-mallocr.o) (_sbrk_r)
c:/progra~2/gnuarm~1/102021~1.10/bin/../lib/gcc/arm-none-eabi/10.3.1/../../../../arm-none-eabi/lib/thumb/v6-m/nofp\libg.a(lib_a-strlen-stub.o)
[...]
Memory Configuration

Name             Origin             Length             Attributes
FLASH            0x10000000         0x00200000         xr
RAM              0x20000000         0x00040000         xrw
SCRATCH_X        0x20040000         0x00001000         xrw
SCRATCH_Y        0x20041000         0x00001000         xrw
*default*        0x00000000         0xffffffff

Linker script and memory map

LOAD c:/progra~2/gnuarm~1/102021~1.10/bin/../lib/gcc/arm-none-eabi/10.3.1/thumb/v6-m/nofp/crti.o
LOAD c:/progra~2/gnuarm~1/102021~1.10/bin/../lib/gcc/arm-none-eabi/10.3.1/thumb/v6-m/nofp/crtbegin.o
LOAD c:/progra~2/gnuarm~1/102021~1.10/bin/../lib/gcc/arm-none-eabi/10.3.1/../../../../arm-none-eabi/lib/thumb/v6-m/nofp/crt0.o

.flash_begin    0x10000000        0x0
                0x10000000                __flash_binary_start = .

.boot2          0x10000000      0x100
                0x10000000                __boot2_start__ = .
 *(.boot2)
 .boot2         0x10000000      0x100 ..\..\pico-sdk\src\rp2040\boot_stage2\CMakeFiles\bs2_default_library.dir\bs2_default_padded_checksummed.S.obj
                0x10000100                __boot2_end__ = .
                0x00000001                ASSERT (((__boot2_end__ - __boot2_start__) == 0x100), ERROR: Pico second stage bootloader must be 256 bytes in size)

.text           0x10000100     0x36f0
                0x10000100                __logical_binary_start = .
 *(.vectors)
 .vectors       0x10000100       0xd4 CMakeFiles/button_buzzer_bdl.dir/C_/pico/pico-sdk/src/rp2_common/pico_crt0/crt0.S.obj
                0x10000100                __VECTOR_TABLE
                0x10000100                __vectors
                0x100001c0                isr_invalid
                0x100001c0                __default_isrs_start
                0x100001c2                isr_nmi
                0x100001c4                isr_hardfault
                0x100001c6                isr_svcall
                0x100001c8                isr_pendsv
                0x100001ca                isr_systick
                0x100001cc                isr_irq23
                0x100001cc                isr_irq18
                0x100001cc                isr_irq11
                0x100001cc                isr_irq28
                0x100001cc                isr_irq19
                0x100001cc                isr_irq0
                0x100001cc                isr_irq6
                0x100001cc                isr_irq5
                0x100001cc                isr_irq12
                0x100001cc                isr_irq22
                0x100001cc                isr_irq31
                0x100001cc                isr_irq17
                0x100001cc                isr_irq27
                0x100001cc                isr_irq30
                0x100001cc                isr_irq2
                0x100001cc                isr_irq10
                0x100001cc                isr_irq8
                0x100001cc                isr_irq24
                0x100001cc                isr_irq1
                0x100001cc                isr_irq7
                0x100001cc                isr_irq21
                0x100001cc                isr_irq20
                0x100001cc                isr_irq15
                0x100001cc                isr_irq25
                0x100001cc                isr_irq13
                0x100001cc                __unhandled_user_irq
                0x100001cc                isr_irq4
                0x100001cc                isr_irq16
                0x100001cc                isr_irq29
                0x100001cc                isr_irq26
                0x100001cc                __default_isrs_end
                0x100001cc                isr_irq3
                0x100001cc                isr_irq14
                0x100001cc                isr_irq9
                0x100001d2                unhandled_user_irq_num_in_r0
 *(.binary_info_header)
 .binary_info_header
                0x100001d4       0x14 CMakeFiles/button_buzzer_bdl.dir/C_/pico/pico-sdk/src/rp2_common/pico_crt0/crt0.S.obj
                0x100001e8                __binary_info_header_end = .
 *(.embedded_block)
                0x100001e8                __embedded_block_end = .
 *(.reset)
 .reset         0x100001e8       0x9c CMakeFiles/button_buzzer_bdl.dir/C_/pico/pico-sdk/src/rp2_common/pico_crt0/crt0.S.obj
                0x100001e8                _entry_point
 *(.init)
 .init          0x10000284        0x4 c:/progra~2/gnuarm~1/102021~1.10/bin/../lib/gcc/arm-none-eabi/10.3.1/thumb/v6-m/nofp/crti.o
                0x10000284                _init
 *(EXCLUDE_FILE(*libm.a: *libc.a:*lib_a-mem*.o *libgcc.a:) .text*)
 .text          0x10000288       0x48 c:/progra~2/gnuarm~1/102021~1.10/bin/../lib/gcc/arm-none-eabi/10.3.1/thumb/v6-m/nofp/crtbegin.o
 .text.pwm_init_buzzer
                0x100002d0       0xec CMakeFiles/button_buzzer_bdl.dir/button_buzzer_bdl.c.obj
                0x100002d0                pwm_init_buzzer
 .text.beep     0x100003bc       0xa8 CMakeFiles/button_buzzer_bdl.dir/button_buzzer_bdl.c.obj
                0x100003bc                beep
 .text.main     0x10000464       0x4c CMakeFiles/button_buzzer_bdl.dir/button_buzzer_bdl.c.obj
                0x10000464                main
 .text.gpio_set_function
                0x100004b0       0x34 CMakeFiles/button_buzzer_bdl.dir/C_/pico/pico-sdk/src/rp2_common/hardware_gpio/gpio.c.obj
                0x100004b0                gpio_set_function
 .text.gpio_set_pulls
                0x100004e4       0x38 CMakeFiles/button_buzzer_bdl.dir/C_/pico/pico-sdk/src/rp2_common/hardware_gpio/gpio.c.obj
                0x100004e4                gpio_set_pulls
 .text.gpio_init
                0x1000051c       0x16 CMakeFiles/button_buzzer_bdl.dir/C_/pico/pico-sdk/src/rp2_common/hardware_gpio/gpio.c.obj
                0x1000051c                gpio_init
 *fill*         0x10000532        0x2 
 .text.panic    0x10000534       0x30 CMakeFiles/button_buzzer_bdl.dir/C_/pico/pico-sdk/src/rp2_common/pico_platform_panic/panic.c.obj
                0x10000534                panic
 .text.hw_claim_lock
                0x10000564       0x18 CMakeFiles/button_buzzer_bdl.dir/C_/pico/pico-sdk/src/common/hardware_claim/claim.c.obj
                0x10000564                hw_claim_lock
 .text.hw_claim_unlock
                0x1000057c       0x14 CMakeFiles/button_buzzer_bdl.dir/C_/pico/pico-sdk/src/common/hardware_claim/claim.c.obj
                0x1000057c                hw_claim_unlock
 .text.hw_claim_or_assert
                0x10000590       0x32 CMakeFiles/button_buzzer_bdl.dir/C_/pico/pico-sdk/src/common/hardware_claim/claim.c.obj
                0x10000590                hw_claim_or_assert
 *fill*         0x100005c2        0x2 
 .text.next_striped_spin_lock_num
                0x100005c4       0x1c CMakeFiles/button_buzzer_bdl.dir/C_/pico/pico-sdk/src/rp2_common/hardware_sync/sync.c.obj
                0x100005c4                next_striped_spin_lock_num
 .text.spin_locks_reset
                0x100005e0       0x20 CMakeFiles/button_buzzer_bdl.dir/C_/pico/pico-sdk/src/rp2_common/hardware_sync_spin_lock/sync_spin_lock.c.obj
                0x100005e0                spin_locks_reset
 .text.set_raw_irq_handler_and_unlock
                0x10000600       0x28 CMakeFiles/button_buzzer_bdl.dir/C_/pico/pico-sdk/src/rp2_common/hardware_irq/irq.c.obj
 .text.nvic_ipr0
                0x10000628        0x8 CMakeFiles/button_buzzer_bdl.dir/C_/pico/pico-sdk/src/rp2_common/hardware_irq/irq.c.obj
 .text.runtime_init_per_core_irq_priorities
                0x10000630       0x1c CMakeFiles/button_buzzer_bdl.dir/C_/pico/pico-sdk/src/rp2_common/hardware_irq/irq.c.obj
                0x10000630                runtime_init_per_core_irq_priorities
 .text.irq_set_mask_n_enabled
                0x1000064c       0x1c CMakeFiles/button_buzzer_bdl.dir/C_/pico/pico-sdk/src/rp2_common/hardware_irq/irq.c.obj
                0x1000064c                irq_set_mask_n_enabled
 .text.irq_set_enabled
                0x10000668       0x14 CMakeFiles/button_buzzer_bdl.dir/C_/pico/pico-sdk/src/rp2_common/hardware_irq/irq.c.obj
                0x10000668                irq_set_enabled
 .text.irq_get_vtable_handler
                0x1000067c       0x10 CMakeFiles/button_buzzer_bdl.dir/C_/pico/pico-sdk/src/rp2_common/hardware_irq/irq.c.obj
                0x1000067c                irq_get_vtable_handler
 .text.irq_set_exclusive_handler
                0x1000068c       0x54 CMakeFiles/button_buzzer_bdl.dir/C_/pico/pico-sdk/src/rp2_common/hardware_irq/irq.c.obj
                0x1000068c                irq_set_exclusive_handler
 .text.lock_init
                0x100006e0       0x10 CMakeFiles/button_buzzer_bdl.dir/C_/pico/pico-sdk/src/common/pico_sync/lock_core.c.obj
                0x100006e0                lock_init
 .text.mutex_init
                0x100006f0       0x1a CMakeFiles/button_buzzer_bdl.dir/C_/pico/pico-sdk/src/common/pico_sync/mutex.c.obj
                0x100006f0                mutex_init
 .text.recursive_mutex_init
                0x1000070a       0x1e CMakeFiles/button_buzzer_bdl.dir/C_/pico/pico-sdk/src/common/pico_sync/mutex.c.obj
                0x1000070a                recursive_mutex_init
 .text.runtime_init_mutex
                0x10000728       0x4c CMakeFiles/button_buzzer_bdl.dir/C_/pico/pico-sdk/src/common/pico_sync/mutex.c.obj
                0x10000728                runtime_init_mutex
 .text.make_alarm_id
                0x10000774        0x6 CMakeFiles/button_buzzer_bdl.dir/C_/pico/pico-sdk/src/common/pico_time/time.c.obj
 *fill*         0x1000077a        0x2 
 .text.sleep_until_callback
                0x1000077c       0x30 CMakeFiles/button_buzzer_bdl.dir/C_/pico/pico-sdk/src/common/pico_time/time.c.obj
 .text.alarm_pool_irq_handler
                0x100007ac      0x2f0 CMakeFiles/button_buzzer_bdl.dir/C_/pico/pico-sdk/src/common/pico_time/time.c.obj
 .text.alarm_pool_post_alloc_init
                0x10000a9c       0x94 CMakeFiles/button_buzzer_bdl.dir/C_/pico/pico-sdk/src/common/pico_time/time.c.obj
 .text.alarm_pool_get_default
                0x10000b30       0x2c CMakeFiles/button_buzzer_bdl.dir/C_/pico/pico-sdk/src/common/pico_time/time.c.obj
                0x10000b30                alarm_pool_get_default
 .text.alarm_pool_add_alarm_at_force_in_context
                0x10000b5c       0xb0 CMakeFiles/button_buzzer_bdl.dir/C_/pico/pico-sdk/src/common/pico_time/time.c.obj
                0x10000b5c                alarm_pool_add_alarm_at_force_in_context
 .text.alarm_pool_add_alarm_at
                0x10000c0c       0x3c CMakeFiles/button_buzzer_bdl.dir/C_/pico/pico-sdk/src/common/pico_time/time.c.obj
                0x10000c0c                alarm_pool_add_alarm_at
 .text.alarm_pool_cancel_alarm
                0x10000c48       0x78 CMakeFiles/button_buzzer_bdl.dir/C_/pico/pico-sdk/src/common/pico_time/time.c.obj
                0x10000c48                alarm_pool_cancel_alarm
 .text.sleep_until
                0x10000cc0       0xc8 CMakeFiles/button_buzzer_bdl.dir/C_/pico/pico-sdk/src/common/pico_time/time.c.obj
                0x10000cc0                sleep_until
 .text.sleep_us
                0x10000d88       0x24 CMakeFiles/button_buzzer_bdl.dir/C_/pico/pico-sdk/src/common/pico_time/time.c.obj
                0x10000d88                sleep_us
 .text.sleep_ms
                0x10000dac       0x14 CMakeFiles/button_buzzer_bdl.dir/C_/pico/pico-sdk/src/common/pico_time/time.c.obj
                0x10000dac                sleep_ms
 .text.best_effort_wfe_or_timeout
                0x10000dc0      0x114 CMakeFiles/button_buzzer_bdl.dir/C_/pico/pico-sdk/src/common/pico_time/time.c.obj
                0x10000dc0                best_effort_wfe_or_timeout
 .text.alarm_pool_get_default_timer
                0x10000ed4        0x8 CMakeFiles/button_buzzer_bdl.dir/C_/pico/pico-sdk/src/common/pico_time/time.c.obj
                0x10000ed4                alarm_pool_get_default_timer
 .text.runtime_init_default_alarm_pool
                0x10000edc       0x38 CMakeFiles/button_buzzer_bdl.dir/C_/pico/pico-sdk/src/common/pico_time/time.c.obj
                0x10000edc                runtime_init_default_alarm_pool
 .text.timer_hardware_alarm_claim
                0x10000f14       0x14 CMakeFiles/button_buzzer_bdl.dir/C_/pico/pico-sdk/src/rp2_common/hardware_timer/timer.c.obj
                0x10000f14                timer_hardware_alarm_claim
 .text.timer_time_us_64
                0x10000f28       0x10 CMakeFiles/button_buzzer_bdl.dir/C_/pico/pico-sdk/src/rp2_common/hardware_timer/timer.c.obj
                0x10000f28                timer_time_us_64
 .text.timer_busy_wait_until
                0x10000f38       0x1a CMakeFiles/button_buzzer_bdl.dir/C_/pico/pico-sdk/src/rp2_common/hardware_timer/timer.c.obj
                0x10000f38                timer_busy_wait_until
 *fill*         0x10000f52        0x2 
 .text.time_us_64
                0x10000f54       0x10 CMakeFiles/button_buzzer_bdl.dir/C_/pico/pico-sdk/src/rp2_common/hardware_timer/timer.c.obj
                0x10000f54                time_us_64
 .text.busy_wait_until
                0x10000f64       0x14 CMakeFiles/button_buzzer_bdl.dir/C_/pico/pico-sdk/src/rp2_common/hardware_timer/timer.c.obj
                0x10000f64                busy_wait_until
 .text.clock_configure_internal
                0x10000f78       0xc4 CMakeFiles/button_buzzer_bdl.dir/C_/pico/pico-sdk/src/rp2_common/hardware_clocks/clocks.c.obj
 .text.clock_configure_int_divider
                0x1000103c       0x28 CMakeFiles/button_buzzer_bdl.dir/C_/pico/pico-sdk/src/rp2_common/hardware_clocks/clocks.c.obj
                0x1000103c                clock_configure_int_divider
 .text.clock_configure_undivided
                0x10001064       0x12 CMakeFiles/button_buzzer_bdl.dir/C_/pico/pico-sdk/src/rp2_common/hardware_clocks/clocks.c.obj
                0x10001064                clock_configure_undivided
 *fill*         0x10001076        0x2 
 .text.clock_get_hz
                0x10001078        0xc CMakeFiles/button_buzzer_bdl.dir/C_/pico/pico-sdk/src/rp2_common/hardware_clocks/clocks.c.obj
                0x10001078                clock_get_hz
 .text.pll_init
                0x10001084      0x120 CMakeFiles/button_buzzer_bdl.dir/C_/pico/pico-sdk/src/rp2_common/hardware_pll/pll.c.obj
                0x10001084                pll_init
 .text.tick_start
                0x100011a4       0x10 CMakeFiles/button_buzzer_bdl.dir/C_/pico/pico-sdk/src/rp2_common/hardware_ticks/ticks.c.obj
                0x100011a4                tick_start
 .text.rom_func_lookup
                0x100011b4       0x10 CMakeFiles/button_buzzer_bdl.dir/C_/pico/pico-sdk/src/rp2_common/pico_bootrom/bootrom.c.obj
                0x100011b4                rom_func_lookup
 .text.rom_data_lookup
                0x100011c4       0x10 CMakeFiles/button_buzzer_bdl.dir/C_/pico/pico-sdk/src/rp2_common/pico_bootrom/bootrom.c.obj
                0x100011c4                rom_data_lookup
 .text.rom_funcs_lookup
                0x100011d4       0x36 CMakeFiles/button_buzzer_bdl.dir/C_/pico/pico-sdk/src/rp2_common/pico_bootrom/bootrom.c.obj
                0x100011d4                rom_funcs_lookup
 *fill*         0x1000120a        0x2 
 .text.xosc_init
                0x1000120c       0x28 CMakeFiles/button_buzzer_bdl.dir/C_/pico/pico-sdk/src/rp2_common/hardware_xosc/xosc.c.obj
                0x1000120c                xosc_init
 .text.runtime_run_initializers_from
                0x10001234       0x18 CMakeFiles/button_buzzer_bdl.dir/C_/pico/pico-sdk/src/rp2_common/pico_runtime/runtime.c.obj
 .text.first_per_core_initializer
                0x1000124c        0x2 CMakeFiles/button_buzzer_bdl.dir/C_/pico/pico-sdk/src/rp2_common/pico_runtime/runtime.c.obj
 *fill*         0x1000124e        0x2 
 .text.runtime_run_initializers
                0x10001250       0x10 CMakeFiles/button_buzzer_bdl.dir/C_/pico/pico-sdk/src/rp2_common/pico_runtime/runtime.c.obj
                0x10001250                runtime_run_initializers
 .text.runtime_init_early_resets
                0x10001260       0x2c CMakeFiles/button_buzzer_bdl.dir/C_/pico/pico-sdk/src/rp2_common/pico_runtime_init/runtime_init.c.obj
                0x10001260                runtime_init_early_resets
 .text.runtime_init_usb_power_down
                0x1000128c       0x1c CMakeFiles/button_buzzer_bdl.dir/C_/pico/pico-sdk/src/rp2_common/pico_runtime_init/runtime_init.c.obj
                0x1000128c                runtime_init_usb_power_down
 .text.runtime_init_post_clock_resets
                0x100012a8       0x20 CMakeFiles/button_buzzer_bdl.dir/C_/pico/pico-sdk/src/rp2_common/pico_runtime_init/runtime_init.c.obj
                0x100012a8                runtime_init_post_clock_resets
 .text.runtime_init_rp2040_gpio_ie_disable
                0x100012c8       0x14 CMakeFiles/button_buzzer_bdl.dir/C_/pico/pico-sdk/src/rp2_common/pico_runtime_init/runtime_init.c.obj
                0x100012c8                runtime_init_rp2040_gpio_ie_disable
 .text.runtime_init_spin_locks_reset
                0x100012dc        0x8 CMakeFiles/button_buzzer_bdl.dir/C_/pico/pico-sdk/src/rp2_common/pico_runtime_init/runtime_init.c.obj
                0x100012dc                runtime_init_spin_locks_reset
 .text.runtime_init_install_ram_vector_table
                0x100012e4       0x1c CMakeFiles/button_buzzer_bdl.dir/C_/pico/pico-sdk/src/rp2_common/pico_runtime_init/runtime_init.c.obj
                0x100012e4                runtime_init_install_ram_vector_table
 .text.start_all_ticks
                0x10001300       0x28 CMakeFiles/button_buzzer_bdl.dir/C_/pico/pico-sdk/src/rp2_common/pico_runtime_init/runtime_init_clocks.c.obj
 .text.runtime_init_clocks
                0x10001328       0xcc CMakeFiles/button_buzzer_bdl.dir/C_/pico/pico-sdk/src/rp2_common/pico_runtime_init/runtime_init_clocks.c.obj
                0x10001328                runtime_init_clocks
 .text          0x100013f4       0x10 CMakeFiles/button_buzzer_bdl.dir/C_/pico/pico-sdk/src/rp2_common/pico_bit_ops/bit_ops_aeabi.S.obj
 .text.__wrap___aeabi_idiv
                0x10001404       0x50 CMakeFiles/button_buzzer_bdl.dir/C_/pico/pico-sdk/src/rp2_common/pico_divider/divider_hardware.S.obj
                0x10001404                __wrap___aeabi_idivmod
                0x10001404                divmod_s32s32
                0x10001404                div_s32s32
                0x10001404                __wrap___aeabi_idiv
                0x1000140c                divmod_s32s32_unsafe
                0x10001438                divmod_s32s32_savestate
 .text.__wrap___aeabi_uidiv
                0x10001454       0x4c CMakeFiles/button_buzzer_bdl.dir/C_/pico/pico-sdk/src/rp2_common/pico_divider/divider_hardware.S.obj
                0x10001454                __wrap___aeabi_uidiv
                0x10001454                __wrap___aeabi_uidivmod
                0x10001454                div_u32u32
                0x10001454                divmod_u32u32
                0x1000145c                divmod_u32u32_unsafe
                0x10001484                divmod_u32u32_savestate
 .text.__wrap___aeabi_ldiv
                0x100014a0      0x424 CMakeFiles/button_buzzer_bdl.dir/C_/pico/pico-sdk/src/rp2_common/pico_divider/divider_hardware.S.obj
                0x100014a0                div_s64s64
                0x100014a0                divmod_s64s64
                0x100014a0                __wrap___aeabi_ldivmod
                0x100014d0                divmod_u64u64
                0x100014d0                div_u64u64
                0x100014d0                __wrap___aeabi_uldivmod
                0x100014e0                divmod_u64u64_savestate
                0x10001500                divmod_s64s64_unsafe
                0x10001588                divmod_u64u64_unsafe
 .text.__wrap___aeabi_darithmetic
                0x100018c4       0x80 CMakeFiles/button_buzzer_bdl.dir/C_/pico/pico-sdk/src/rp2_common/pico_double/double_aeabi_rp2040.S.obj
                0x100018c4                __wrap___aeabi_drsub
                0x100018ca                __wrap___aeabi_dsub
                0x100018dc                __wrap___aeabi_dadd
                0x100018ee                __wrap___aeabi_ddiv
                0x1000192a                __wrap___aeabi_dmul
 .text.__wrap___aeabi_cdcmple
                0x10001944       0x6c CMakeFiles/button_buzzer_bdl.dir/C_/pico/pico-sdk/src/rp2_common/pico_double/double_aeabi_rp2040.S.obj
                0x10001944                __wrap___aeabi_cdrcmple
                0x10001954                __wrap___aeabi_cdcmpeq
                0x10001954                __wrap___aeabi_cdcmple
 .text.__wrap___aeabi_dcmplt
                0x100019b0        0xc CMakeFiles/button_buzzer_bdl.dir/C_/pico/pico-sdk/src/rp2_common/pico_double/double_aeabi_rp2040.S.obj
                0x100019b0                __wrap___aeabi_dcmplt
 .text.__wrap___aeabi_dcmple
                0x100019bc       0x10 CMakeFiles/button_buzzer_bdl.dir/C_/pico/pico-sdk/src/rp2_common/pico_double/double_aeabi_rp2040.S.obj
                0x100019bc                __wrap___aeabi_dcmple
 .text.__wrap___aeabi_dcmpge
                0x100019cc       0x10 CMakeFiles/button_buzzer_bdl.dir/C_/pico/pico-sdk/src/rp2_common/pico_double/double_aeabi_rp2040.S.obj
                0x100019cc                __wrap___aeabi_dcmpge
 .text.__wrap___aeabi_dcmpgt
                0x100019dc        0xa CMakeFiles/button_buzzer_bdl.dir/C_/pico/pico-sdk/src/rp2_common/pico_double/double_aeabi_rp2040.S.obj
                0x100019dc                __wrap___aeabi_dcmpgt
 .text.__wrap___aeabi_dcmpun
                0x100019e6       0x18 CMakeFiles/button_buzzer_bdl.dir/C_/pico/pico-sdk/src/rp2_common/pico_double/double_aeabi_rp2040.S.obj
                0x100019e6                __wrap___aeabi_dcmpun
 *fill*         0x100019fe        0x2 
 .text.__wrap___aeabi_i2d
                0x10001a00       0x38 CMakeFiles/button_buzzer_bdl.dir/C_/pico/pico-sdk/src/rp2_common/pico_double/double_aeabi_rp2040.S.obj
                0x10001a00                __wrap___aeabi_ui2d
                0x10001a08                __wrap___aeabi_i2d
 .text.__wrap___aeabi_d2iz
                0x10001a38       0x48 CMakeFiles/button_buzzer_bdl.dir/C_/pico/pico-sdk/src/rp2_common/pico_double/double_aeabi_rp2040.S.obj
                0x10001a38                double2int_z
                0x10001a38                __wrap___aeabi_d2iz
 .text.__wrap___aeabi_d2uiz
                0x10001a80       0x18 CMakeFiles/button_buzzer_bdl.dir/C_/pico/pico-sdk/src/rp2_common/pico_double/double_aeabi_rp2040.S.obj
                0x10001a80                __wrap___aeabi_d2uiz
                0x10001a80                double2uint
 .text.__aeabi_double_init
                0x10001a98       0xc8 CMakeFiles/button_buzzer_bdl.dir/C_/pico/pico-sdk/src/rp2_common/pico_double/double_init_rom_rp2040.c.obj
                0x10001a98                __aeabi_double_init
 .text.double_table_shim_on_use_helper
                0x10001b60       0x34 CMakeFiles/button_buzzer_bdl.dir/C_/pico/pico-sdk/src/rp2_common/pico_double/double_v1_rom_shim_rp2040.S.obj
                0x10001b60                double_table_shim_on_use_helper
 .text.__wrap___aeabi_dsub
                0x10001b94       0x10 CMakeFiles/button_buzzer_bdl.dir/C_/pico/pico-sdk/src/rp2_common/pico_double/double_v1_rom_shim_rp2040.S.obj
                0x10001b94                drsub_shim
                0x10001b9a                dsub_shim
 .text.dadd_shim
                0x10001ba4      0x15c CMakeFiles/button_buzzer_bdl.dir/C_/pico/pico-sdk/src/rp2_common/pico_double/double_v1_rom_shim_rp2040.S.obj
                0x10001ba4                dadd_shim
 .text.dmul_shim
                0x10001d00      0x15c CMakeFiles/button_buzzer_bdl.dir/C_/pico/pico-sdk/src/rp2_common/pico_double/double_v1_rom_shim_rp2040.S.obj
                0x10001d00                dmul_shim
 .text.ddiv_shim
                0x10001e5c      0x1b0 CMakeFiles/button_buzzer_bdl.dir/C_/pico/pico-sdk/src/rp2_common/pico_double/double_v1_rom_shim_rp2040.S.obj
                0x10001e5c                ddiv_shim
 .text.double2uint_shim
                0x1000200c        0xe CMakeFiles/button_buzzer_bdl.dir/C_/pico/pico-sdk/src/rp2_common/pico_double/double_v1_rom_shim_rp2040.S.obj
                0x1000200c                double2uint_shim
                0x1000200e                double2ufix_shim
 *fill*         0x1000201a        0x2 
 .text.double2uint64_shim
                0x1000201c       0x70 CMakeFiles/button_buzzer_bdl.dir/C_/pico/pico-sdk/src/rp2_common/pico_double/double_v1_rom_shim_rp2040.S.obj
                0x1000201c                double2uint64_shim
                0x1000201e                double2ufix64_shim
                0x1000203e                d2fix_a
 .text.dunpacks
                0x1000208c       0x3c CMakeFiles/button_buzzer_bdl.dir/C_/pico/pico-sdk/src/rp2_common/pico_double/double_v1_rom_shim_rp2040.S.obj
                0x1000208c                dunpacks
 .text.__aeabi_lmul
                0x100020c8       0x32 CMakeFiles/button_buzzer_bdl.dir/C_/pico/pico-sdk/src/rp2_common/pico_int64_ops/pico_int64_ops_aeabi.S.obj
                0x100020c8                __wrap___aeabi_lmul
 *fill*         0x100020fa        0x2 
 .text.__wrap___aeabi_farithmetic
                0x100020fc       0x58 CMakeFiles/button_buzzer_bdl.dir/C_/pico/pico-sdk/src/rp2_common/pico_float/float_aeabi_rp2040.S.obj
                0x100020fc                __wrap___aeabi_frsub
                0x10002102                __wrap___aeabi_fsub
                0x1000210c                __wrap___aeabi_fadd
                0x10002116                __wrap___aeabi_fdiv
                0x10002142                __wrap___aeabi_fmul
 .text.__wrap___aeabi_ui2f
                0x10002154        0xa CMakeFiles/button_buzzer_bdl.dir/C_/pico/pico-sdk/src/rp2_common/pico_float/float_aeabi_rp2040.S.obj
                0x10002154                __wrap___aeabi_ui2f
                0x10002154                uint2float
 *fill*         0x1000215e        0x2 
 .text.__wrap___aeabi_i2f
                0x10002160       0x44 CMakeFiles/button_buzzer_bdl.dir/C_/pico/pico-sdk/src/rp2_common/pico_float/float_aeabi_rp2040.S.obj
                0x10002160                __wrap___aeabi_i2f
                0x10002160                int2float
 .text.__wrap___aeabi_f2uiz
                0x100021a4       0x10 CMakeFiles/button_buzzer_bdl.dir/C_/pico/pico-sdk/src/rp2_common/pico_float/float_aeabi_rp2040.S.obj
                0x100021a4                __wrap___aeabi_f2uiz
                0x100021a4                float2uint_z
 .text.__aeabi_float_init
                0x100021b4       0xfc CMakeFiles/button_buzzer_bdl.dir/C_/pico/pico-sdk/src/rp2_common/pico_float/float_init_rom_rp2040.c.obj
                0x100021b4                __aeabi_float_init
 .text.float_table_shim_on_use_helper
                0x100022b0       0x34 CMakeFiles/button_buzzer_bdl.dir/C_/pico/pico-sdk/src/rp2_common/pico_float/float_v1_rom_shim_rp2040.S.obj
                0x100022b0                float_table_shim_on_use_helper
 .text          0x100022e4       0x10 CMakeFiles/button_buzzer_bdl.dir/C_/pico/pico-sdk/src/rp2_common/pico_mem_ops/mem_ops_aeabi.S.obj
                0x100022e4                __aeabi_mem_init
 .text.memcpy   0x100022f4        0xc CMakeFiles/button_buzzer_bdl.dir/C_/pico/pico-sdk/src/rp2_common/pico_mem_ops/mem_ops_aeabi.S.obj
                0x100022f4                __wrap_memcpy
                0x100022f4                __wrap___aeabi_memcpy
 .text._out_null
                0x10002300        0x2 CMakeFiles/button_buzzer_bdl.dir/C_/pico/pico-sdk/src/rp2_common/pico_printf/printf.c.obj
 .text._out_fct
                0x10002302        0xe CMakeFiles/button_buzzer_bdl.dir/C_/pico/pico-sdk/src/rp2_common/pico_printf/printf.c.obj
 .text._atoi    0x10002310       0x24 CMakeFiles/button_buzzer_bdl.dir/C_/pico/pico-sdk/src/rp2_common/pico_printf/printf.c.obj
 .text._out_rev
                0x10002334       0xae CMakeFiles/button_buzzer_bdl.dir/C_/pico/pico-sdk/src/rp2_common/pico_printf/printf.c.obj
 .text._ntoa_format
                0x100023e2      0x112 CMakeFiles/button_buzzer_bdl.dir/C_/pico/pico-sdk/src/rp2_common/pico_printf/printf.c.obj
 .text._ntoa_long
                0x100024f4       0xbc CMakeFiles/button_buzzer_bdl.dir/C_/pico/pico-sdk/src/rp2_common/pico_printf/printf.c.obj
 .text._ntoa_long_long
                0x100025b0       0xe2 CMakeFiles/button_buzzer_bdl.dir/C_/pico/pico-sdk/src/rp2_common/pico_printf/printf.c.obj
 *fill*         0x10002692        0x2 
 .text._etoa    0x10002694      0x414 CMakeFiles/button_buzzer_bdl.dir/C_/pico/pico-sdk/src/rp2_common/pico_printf/printf.c.obj
 .text._ftoa    0x10002aa8      0x354 CMakeFiles/button_buzzer_bdl.dir/C_/pico/pico-sdk/src/rp2_common/pico_printf/printf.c.obj
 .text._vsnprintf
                0x10002dfc      0x624 CMakeFiles/button_buzzer_bdl.dir/C_/pico/pico-sdk/src/rp2_common/pico_printf/printf.c.obj
 .text.vfctprintf
                0x10003420       0x20 CMakeFiles/button_buzzer_bdl.dir/C_/pico/pico-sdk/src/rp2_common/pico_printf/printf.c.obj
                0x10003420                vfctprintf
 .text._exit    0x10003440        0x4 CMakeFiles/button_buzzer_bdl.dir/C_/pico/pico-sdk/src/rp2_common/pico_clib_interface/newlib_interface.c.obj
                0x10003440                _exit
 .text.exit     0x10003444        0x6 CMakeFiles/button_buzzer_bdl.dir/C_/pico/pico-sdk/src/rp2_common/pico_clib_interface/newlib_interface.c.obj
                0x10003444                exit
 *fill*         0x1000344a        0x2 
 .text.__assert_func
                0x1000344c       0x3c CMakeFiles/button_buzzer_bdl.dir/C_/pico/pico-sdk/src/rp2_common/pico_clib_interface/newlib_interface.c.obj
                0x1000344c                __assert_func
 .text.runtime_init
                0x10003488       0x28 CMakeFiles/button_buzzer_bdl.dir/C_/pico/pico-sdk/src/rp2_common/pico_clib_interface/newlib_interface.c.obj
                0x10003488                runtime_init
 .text.stdio_out_chars_no_crlf
                0x100034b0        0xe CMakeFiles/button_buzzer_bdl.dir/C_/pico/pico-sdk/src/rp2_common/pico_stdio/stdio.c.obj
 *fill*         0x100034be        0x2 
 .text.stdio_out_chars_crlf
                0x100034c0       0x80 CMakeFiles/button_buzzer_bdl.dir/C_/pico/pico-sdk/src/rp2_common/pico_stdio/stdio.c.obj
 .text.stdio_stack_buffer_flush
                0x10003540       0x44 CMakeFiles/button_buzzer_bdl.dir/C_/pico/pico-sdk/src/rp2_common/pico_stdio/stdio.c.obj
 .text.stdio_buffered_printer
                0x10003584       0x20 CMakeFiles/button_buzzer_bdl.dir/C_/pico/pico-sdk/src/rp2_common/pico_stdio/stdio.c.obj
 .text.stdout_serialize_begin
                0x100035a4       0x30 CMakeFiles/button_buzzer_bdl.dir/C_/pico/pico-sdk/src/rp2_common/pico_stdio/stdio.c.obj
                0x100035a4                stdout_serialize_begin
 .text.stdout_serialize_end
                0x100035d4       0x10 CMakeFiles/button_buzzer_bdl.dir/C_/pico/pico-sdk/src/rp2_common/pico_stdio/stdio.c.obj
                0x100035d4                stdout_serialize_end
 .text.stdio_put_string
                0x100035e4       0x94 CMakeFiles/button_buzzer_bdl.dir/C_/pico/pico-sdk/src/rp2_common/pico_stdio/stdio.c.obj
                0x100035e4                stdio_put_string
 .text.stdio_flush
                0x10003678       0x20 CMakeFiles/button_buzzer_bdl.dir/C_/pico/pico-sdk/src/rp2_common/pico_stdio/stdio.c.obj
                0x10003678                stdio_flush
 .text.__wrap_puts
                0x10003698       0x1e CMakeFiles/button_buzzer_bdl.dir/C_/pico/pico-sdk/src/rp2_common/pico_stdio/stdio.c.obj
                0x10003698                stdio_puts
                0x10003698                __wrap_puts
 *fill*         0x100036b6        0x2 
 .text.__wrap_vprintf
                0x100036b8       0x40 CMakeFiles/button_buzzer_bdl.dir/C_/pico/pico-sdk/src/rp2_common/pico_stdio/stdio.c.obj
                0x100036b8                stdio_vprintf
                0x100036b8                __wrap_vprintf
 .text.__wrap_printf
                0x100036f8       0x18 CMakeFiles/button_buzzer_bdl.dir/C_/pico/pico-sdk/src/rp2_common/pico_stdio/stdio.c.obj
                0x100036f8                __wrap_printf
                0x100036f8                stdio_printf
 .text.strlen   0x10003710       0x5c c:/progra~2/gnuarm~1/102021~1.10/bin/../lib/gcc/arm-none-eabi/10.3.1/../../../../arm-none-eabi/lib/thumb/v6-m/nofp\libg.a(lib_a-strlen-stub.o)
                0x10003710                strlen
 *(.fini)
 .fini          0x1000376c        0x4 c:/progra~2/gnuarm~1/102021~1.10/bin/../lib/gcc/arm-none-eabi/10.3.1/thumb/v6-m/nofp/crti.o
                0x1000376c                _fini
 .fini.__stub   0x10003770       0x40 linker stubs
 *crtbegin.o(.ctors)
 *crtbegin?.o(.ctors)
 *(EXCLUDE_FILE(*crtend.o *crtend?.o) .ctors)
 *(SORT_BY_NAME(.ctors.*))
 *(.ctors)
 *crtbegin.o(.dtors)
 *crtbegin?.o(.dtors)
 *(EXCLUDE_FILE(*crtend.o *crtend?.o) .dtors)
 *(SORT_BY_NAME(.dtors.*))
 *(.dtors)
                0x100037b0                . = ALIGN (0x4)
                0x100037b0                PROVIDE (__preinit_array_start = .)
 *(SORT_BY_NAME(.preinit_array.*))
 .preinit_array.00100
                0x100037b0        0x4 CMakeFiles/button_buzzer_bdl.dir/C_/pico/pico-sdk/src/rp2_common/pico_runtime_init/runtime_init.c.obj
                0x100037b0                __pre_init_runtime_init_early_resets
 .preinit_array.00101
                0x100037b4        0x4 CMakeFiles/button_buzzer_bdl.dir/C_/pico/pico-sdk/src/rp2_common/pico_runtime_init/runtime_init.c.obj
                0x100037b4                __pre_init_runtime_init_usb_power_down
 .preinit_array.00275
                0x100037b8        0x4 CMakeFiles/button_buzzer_bdl.dir/C_/pico/pico-sdk/src/rp2_common/pico_bit_ops/bit_ops_aeabi.S.obj
 .preinit_array.00300
                0x100037bc        0x4 CMakeFiles/button_buzzer_bdl.dir/C_/pico/pico-sdk/src/rp2_common/pico_mem_ops/mem_ops_aeabi.S.obj
 .preinit_array.00350
                0x100037c0        0x4 CMakeFiles/button_buzzer_bdl.dir/C_/pico/pico-sdk/src/rp2_common/pico_double/double_aeabi_rp2040.S.obj
 .preinit_array.00350
                0x100037c4        0x4 CMakeFiles/button_buzzer_bdl.dir/C_/pico/pico-sdk/src/rp2_common/pico_float/float_aeabi_rp2040.S.obj
 .preinit_array.00500
                0x100037c8        0x4 CMakeFiles/button_buzzer_bdl.dir/C_/pico/pico-sdk/src/rp2_common/pico_runtime_init/runtime_init.c.obj
                0x100037c8                __pre_init_runtime_init_clocks
 .preinit_array.00600
                0x100037cc        0x4 CMakeFiles/button_buzzer_bdl.dir/C_/pico/pico-sdk/src/rp2_common/pico_runtime_init/runtime_init.c.obj
                0x100037cc                __pre_init_runtime_init_post_clock_resets
 .preinit_array.00700
                0x100037d0        0x4 CMakeFiles/button_buzzer_bdl.dir/C_/pico/pico-sdk/src/rp2_common/pico_runtime_init/runtime_init.c.obj
                0x100037d0                __pre_init_runtime_init_rp2040_gpio_ie_disable
 .preinit_array.01000
                0x100037d4        0x4 CMakeFiles/button_buzzer_bdl.dir/C_/pico/pico-sdk/src/rp2_common/pico_runtime_init/runtime_init.c.obj
                0x100037d4                __pre_init_runtime_init_spin_locks_reset
 .preinit_array.01100
                0x100037d8        0x4 CMakeFiles/button_buzzer_bdl.dir/C_/pico/pico-sdk/src/common/pico_sync/mutex.c.obj
                0x100037d8                __pre_init_runtime_init_mutex
 .preinit_array.10080
                0x100037dc        0x4 CMakeFiles/button_buzzer_bdl.dir/C_/pico/pico-sdk/src/rp2_common/pico_runtime_init/runtime_init.c.obj
                0x100037dc                __pre_init_runtime_init_install_ram_vector_table
 .preinit_array.11000
                0x100037e0        0x4 CMakeFiles/button_buzzer_bdl.dir/C_/pico/pico-sdk/src/common/pico_time/time.c.obj
                0x100037e0                __pre_init_runtime_init_default_alarm_pool
 .preinit_array.YYYYY
                0x100037e4        0x4 CMakeFiles/button_buzzer_bdl.dir/C_/pico/pico-sdk/src/rp2_common/pico_runtime/runtime.c.obj
                0x100037e4                __pre_init_first_per_core_initializer
 .preinit_array.ZZZZZ.01200
                0x100037e8        0x4 CMakeFiles/button_buzzer_bdl.dir/C_/pico/pico-sdk/src/rp2_common/hardware_irq/irq.c.obj
                0x100037e8                __pre_init_runtime_init_per_core_irq_priorities
 *(.preinit_array)
                0x100037ec                PROVIDE (__preinit_array_end = .)
                0x100037ec                . = ALIGN (0x4)
                0x100037ec                PROVIDE (__init_array_start = .)
 *(SORT_BY_NAME(.init_array.*))
 *(.init_array)
 .init_array    0x100037ec        0x4 c:/progra~2/gnuarm~1/102021~1.10/bin/../lib/gcc/arm-none-eabi/10.3.1/thumb/v6-m/nofp/crtbegin.o
                0x100037f0                PROVIDE (__init_array_end = .)
                0x100037f0                . = ALIGN (0x4)
                [!provide]                PROVIDE (__fini_array_start = .)
 *(SORT_BY_NAME(.fini_array.*))
 *(.fini_array)
                [!provide]                PROVIDE (__fini_array_end = .)
 *(.eh_frame*)
 .eh_frame      0x100037f0        0x0 c:/progra~2/gnuarm~1/102021~1.10/bin/../lib/gcc/arm-none-eabi/10.3.1/thumb/v6-m/nofp/crtbegin.o
                0x100037f0                . = ALIGN (0x4)

.glue_7         0x100037f0        0x0
 .glue_7        0x100037f0        0x0 linker stubs

.glue_7t        0x100037f0        0x0
 .glue_7t       0x100037f0        0x0 linker stubs

.vfp11_veneer   0x100037f0        0x0
 .vfp11_veneer  0x100037f0        0x0 linker stubs

.v4_bx          0x100037f0        0x0
 .v4_bx         0x100037f0        0x0 linker stubs

.iplt           0x100037f0        0x0
 .iplt          0x100037f0        0x0 c:/progra~2/gnuarm~1/102021~1.10/bin/../lib/gcc/arm-none-eabi/10.3.1/thumb/v6-m/nofp/crtbegin.o

.rodata         0x100037f0      0x8a4
 *(EXCLUDE_FILE(*libm.a: *libc.a:*lib_a-mem*.o *libgcc.a:) .rodata*)
 .rodata.main.str1.4
                0x100037f0        0xf CMakeFiles/button_buzzer_bdl.dir/button_buzzer_bdl.c.obj
 *fill*         0x100037ff        0x1 
 .rodata.panic.str1.4
                0x10003800       0x12 CMakeFiles/button_buzzer_bdl.dir/C_/pico/pico-sdk/src/rp2_common/pico_platform_panic/panic.c.obj
 *fill*         0x10003812        0x2 
 .rodata.make_j_16.str1.4
                0x10003814       0x63 CMakeFiles/button_buzzer_bdl.dir/C_/pico/pico-sdk/src/rp2_common/hardware_irq/irq.c.obj
 *fill*         0x10003877        0x1 
 .rodata.irq_set_exclusive_handler.str1.4
                0x10003878       0x36 CMakeFiles/button_buzzer_bdl.dir/C_/pico/pico-sdk/src/rp2_common/hardware_irq/irq.c.obj
 *fill*         0x100038ae        0x2 
 .rodata.__func__.6
                0x100038b0       0x1a CMakeFiles/button_buzzer_bdl.dir/C_/pico/pico-sdk/src/rp2_common/hardware_irq/irq.c.obj
 *fill*         0x100038ca        0x2 
 .rodata.runtime_init_mutex.str1.4
                0x100038cc       0x4e CMakeFiles/button_buzzer_bdl.dir/C_/pico/pico-sdk/src/common/pico_sync/mutex.c.obj
 *fill*         0x1000391a        0x2 
 .rodata.str1.4
                0x1000391c       0x51 CMakeFiles/button_buzzer_bdl.dir/C_/pico/pico-sdk/src/common/pico_sync/mutex.c.obj
 *fill*         0x1000396d        0x3 
 .rodata.__func__.1
                0x10003970        0xb CMakeFiles/button_buzzer_bdl.dir/C_/pico/pico-sdk/src/common/pico_sync/mutex.c.obj
 *fill*         0x1000397b        0x1 
 .rodata.__func__.3
                0x1000397c       0x18 CMakeFiles/button_buzzer_bdl.dir/C_/pico/pico-sdk/src/common/pico_sync/mutex.c.obj
 .rodata.__func__.6
                0x10003994       0x13 CMakeFiles/button_buzzer_bdl.dir/C_/pico/pico-sdk/src/common/pico_sync/mutex.c.obj
 *fill*         0x100039a7        0x1 
 .rodata.alarm_pool_irq_handler.str1.4
                0x100039a8       0x59 CMakeFiles/button_buzzer_bdl.dir/C_/pico/pico-sdk/src/common/pico_time/time.c.obj
 *fill*         0x10003a01        0x3 
 .rodata.alarm_pool_get_default.str1.4
                0x10003a04       0x21 CMakeFiles/button_buzzer_bdl.dir/C_/pico/pico-sdk/src/common/pico_time/time.c.obj
 *fill*         0x10003a25        0x3 
 .rodata.sleep_until.str1.4
                0x10003a28       0x4d CMakeFiles/button_buzzer_bdl.dir/C_/pico/pico-sdk/src/common/pico_time/time.c.obj
 *fill*         0x10003a75        0x3 
 .rodata.__func__.1
                0x10003a78       0x17 CMakeFiles/button_buzzer_bdl.dir/C_/pico/pico-sdk/src/common/pico_time/time.c.obj
 *fill*         0x10003a8f        0x1 
 .rodata.__func__.2
                0x10003a90       0x17 CMakeFiles/button_buzzer_bdl.dir/C_/pico/pico-sdk/src/common/pico_time/time.c.obj
 *fill*         0x10003aa7        0x1 
 .rodata.timer_hardware_alarm_claim.str1.4
                0x10003aa8       0x22 CMakeFiles/button_buzzer_bdl.dir/C_/pico/pico-sdk/src/rp2_common/hardware_timer/timer.c.obj
 *fill*         0x10003aca        0x2 
 .rodata.pll_init.str1.4
                0x10003acc      0x108 CMakeFiles/button_buzzer_bdl.dir/C_/pico/pico-sdk/src/rp2_common/hardware_pll/pll.c.obj
 .rodata.__func__.0
                0x10003bd4        0x9 CMakeFiles/button_buzzer_bdl.dir/C_/pico/pico-sdk/src/rp2_common/hardware_pll/pll.c.obj
 *fill*         0x10003bdd        0x3 
 .rodata.__aeabi_double_init.str1.4
                0x10003be0       0x89 CMakeFiles/button_buzzer_bdl.dir/C_/pico/pico-sdk/src/rp2_common/pico_double/double_init_rom_rp2040.c.obj
 *fill*         0x10003c69        0x3 
 .rodata.__func__.0
                0x10003c6c       0x14 CMakeFiles/button_buzzer_bdl.dir/C_/pico/pico-sdk/src/rp2_common/pico_double/double_init_rom_rp2040.c.obj
 .rodata.__aeabi_float_init.str1.4
                0x10003c80       0x77 CMakeFiles/button_buzzer_bdl.dir/C_/pico/pico-sdk/src/rp2_common/pico_float/float_init_rom_rp2040.c.obj
                                 0x7b (size before relaxing)
 *fill*         0x10003cf7        0x1 
 .rodata.__func__.0
                0x10003cf8       0x13 CMakeFiles/button_buzzer_bdl.dir/C_/pico/pico-sdk/src/rp2_common/pico_float/float_init_rom_rp2040.c.obj
 *fill*         0x10003d0b        0x1 
 .rodata.str1.4
                0x10003d0c       0x98 CMakeFiles/button_buzzer_bdl.dir/C_/pico/pico-sdk/src/rp2_common/pico_standard_binary_info/standard_binary_info.c.obj
 .rodata.__bi_26
                0x10003da4        0xc CMakeFiles/button_buzzer_bdl.dir/C_/pico/pico-sdk/src/rp2_common/pico_standard_binary_info/standard_binary_info.c.obj
 .rodata.__bi_34
                0x10003db0        0xc CMakeFiles/button_buzzer_bdl.dir/C_/pico/pico-sdk/src/rp2_common/pico_standard_binary_info/standard_binary_info.c.obj
 .rodata.__bi_42
                0x10003dbc        0xc CMakeFiles/button_buzzer_bdl.dir/C_/pico/pico-sdk/src/rp2_common/pico_standard_binary_info/standard_binary_info.c.obj
 .rodata.__bi_48
                0x10003dc8        0xc CMakeFiles/button_buzzer_bdl.dir/C_/pico/pico-sdk/src/rp2_common/pico_standard_binary_info/standard_binary_info.c.obj
 .rodata.__bi_54
                0x10003dd4        0xc CMakeFiles/button_buzzer_bdl.dir/C_/pico/pico-sdk/src/rp2_common/pico_standard_binary_info/standard_binary_info.c.obj
 .rodata.__bi_72
                0x10003de0        0xc CMakeFiles/button_buzzer_bdl.dir/C_/pico/pico-sdk/src/rp2_common/pico_standard_binary_info/standard_binary_info.c.obj
 .rodata.__bi_78
                0x10003dec        0xc CMakeFiles/button_buzzer_bdl.dir/C_/pico/pico-sdk/src/rp2_common/pico_standard_binary_info/standard_binary_info.c.obj
 .rodata.__bi_84
                0x10003df8        0xc CMakeFiles/button_buzzer_bdl.dir/C_/pico/pico-sdk/src/rp2_common/pico_standard_binary_info/standard_binary_info.c.obj
 .rodata._ftoa.str1.4
                0x10003e04       0x15 CMakeFiles/button_buzzer_bdl.dir/C_/pico/pico-sdk/src/rp2_common/pico_printf/printf.c.obj
 *fill*         0x10003e19        0x3 
 .rodata._vsnprintf
                0x10003e1c      0x1e0 CMakeFiles/button_buzzer_bdl.dir/C_/pico/pico-sdk/src/rp2_common/pico_printf/printf.c.obj
 *fill*         0x10003ffc        0x4 
 .rodata.pow10.0
                0x10004000       0x50 CMakeFiles/button_buzzer_bdl.dir/C_/pico/pico-sdk/src/rp2_common/pico_printf/printf.c.obj
 .rodata.__assert_func.str1.4
                0x10004050       0x3f CMakeFiles/button_buzzer_bdl.dir/C_/pico/pico-sdk/src/rp2_common/pico_clib_interface/newlib_interface.c.obj
                                 0x43 (size before relaxing)
 *fill*         0x1000408f        0x1 
 .rodata.crlf_str.0
                0x10004090        0x2 CMakeFiles/button_buzzer_bdl.dir/C_/pico/pico-sdk/src/rp2_common/pico_stdio/stdio.c.obj
                0x10004094                . = ALIGN (0x4)
 *fill*         0x10004092        0x2 
 *(SORT_BY_ALIGNMENT(SORT_BY_NAME(.flashdata*)))
                0x10004094                . = ALIGN (0x4)

.ARM.extab
 *(.ARM.extab* .gnu.linkonce.armextab.*)
                0x10004094                __exidx_start = .

.ARM.exidx
 *(.ARM.exidx* .gnu.linkonce.armexidx.*)
                0x10004094                __exidx_end = .
                0x10004094                . = ALIGN (0x4)
                0x10004094                __binary_info_start = .

.binary_info    0x10004094       0x20
 *(.binary_info.keep.*)
 .binary_info.keep.__bi_ptr26
                0x10004094        0x4 CMakeFiles/button_buzzer_bdl.dir/C_/pico/pico-sdk/src/rp2_common/pico_standard_binary_info/standard_binary_info.c.obj
 .binary_info.keep.__bi_ptr34
                0x10004098        0x4 CMakeFiles/button_buzzer_bdl.dir/C_/pico/pico-sdk/src/rp2_common/pico_standard_binary_info/standard_binary_info.c.obj
 .binary_info.keep.__bi_ptr42
                0x1000409c        0x4 CMakeFiles/button_buzzer_bdl.dir/C_/pico/pico-sdk/src/rp2_common/pico_standard_binary_info/standard_binary_info.c.obj
 .binary_info.keep.__bi_ptr48
                0x100040a0        0x4 CMakeFiles/button_buzzer_bdl.dir/C_/pico/pico-sdk/src/rp2_common/pico_standard_binary_info/standard_binary_info.c.obj
 .binary_info.keep.__bi_ptr54
                0x100040a4        0x4 CMakeFiles/button_buzzer_bdl.dir/C_/pico/pico-sdk/src/rp2_common/pico_standard_binary_info/standard_binary_info.c.obj
 .binary_info.keep.__bi_ptr72
                0x100040a8        0x4 CMakeFiles/button_buzzer_bdl.dir/C_/pico/pico-sdk/src/rp2_common/pico_standard_binary_info/standard_binary_info.c.obj
 .binary_info.keep.__bi_ptr78
                0x100040ac        0x4 CMakeFiles/button_buzzer_bdl.dir/C_/pico/pico-sdk/src/rp2_common/pico_standard_binary_info/standard_binary_info.c.obj
 .binary_info.keep.__bi_ptr84
                0x100040b0        0x4 CMakeFiles/button_buzzer_bdl.dir/C_/pico/pico-sdk/src/rp2_common/pico_standard_binary_info/standard_binary_info.c.obj
 *(.binary_info.*)
                0x100040b4                __binary_info_end = .

.rel.dyn        0x100040b4        0x0
 .rel.iplt      0x100040b4        0x0 c:/progra~2/gnuarm~1/102021~1.10/bin/../lib/gcc/arm-none-eabi/10.3.1/thumb/v6-m/nofp/crtbegin.o
                0x100040b4                . = ALIGN (0x4)

.ram_vector_table
                0x20000000       0xc0
 *(.ram_vector_table)
 .ram_vector_table
                0x20000000       0xc0 CMakeFiles/button_buzzer_bdl.dir/C_/pico/pico-sdk/src/rp2_common/pico_runtime_init/runtime_init.c.obj
                0x20000000                ram_vector_table

.uninitialized_data
                0x200000c0        0x0
                0x200000c0                . = ALIGN (0x4)
 *(.uninitialized_data*)

.data           0x200000c0      0x1c8 load address 0x100040b4
                0x200000c0                __data_start__ = .
 *(vtable)
 *(.time_critical*)
 .time_critical.mutex_try_enter
                0x200000c0       0x46 CMakeFiles/button_buzzer_bdl.dir/C_/pico/pico-sdk/src/common/pico_sync/mutex.c.obj
                0x200000c0                mutex_try_enter
 *fill*         0x20000106        0x2 
 .time_critical.mutex_enter_block_until
                0x20000108       0x8c CMakeFiles/button_buzzer_bdl.dir/C_/pico/pico-sdk/src/common/pico_sync/mutex.c.obj
                0x20000108                mutex_enter_block_until
 .time_critical.mutex_try_enter_block_until
                0x20000194       0x34 CMakeFiles/button_buzzer_bdl.dir/C_/pico/pico-sdk/src/common/pico_sync/mutex.c.obj
                0x20000194                mutex_try_enter_block_until
 .time_critical.mutex_exit
                0x200001c8       0x4c CMakeFiles/button_buzzer_bdl.dir/C_/pico/pico-sdk/src/common/pico_sync/mutex.c.obj
                0x200001c8                mutex_exit
 *(.text*)
 .text          0x20000214        0x4 c:/progra~2/gnuarm~1/102021~1.10/bin/../lib/gcc/arm-none-eabi/10.3.1/thumb/v6-m/nofp\libgcc.a(_dvmd_tls.o)
                0x20000214                __aeabi_idiv0
                0x20000214                __aeabi_ldiv0
 .text.__stub   0x20000218       0x20 linker stubs
                0x20000238                . = ALIGN (0x4)
 *(.rodata*)
                0x20000238                . = ALIGN (0x4)
 *(.data*)
 .data.striped_spin_lock_num
                0x20000238        0x1 CMakeFiles/button_buzzer_bdl.dir/C_/pico/pico-sdk/src/rp2_common/hardware_sync/sync.c.obj
 *fill*         0x20000239        0x3 
 .data.default_alarm_pool
                0x2000023c       0x18 CMakeFiles/button_buzzer_bdl.dir/C_/pico/pico-sdk/src/common/pico_time/time.c.obj
 *fill*         0x20000254        0xc 
 .data.aeabi_bits_funcs
                0x20000260       0x10 CMakeFiles/button_buzzer_bdl.dir/C_/pico/pico-sdk/src/rp2_common/pico_bit_ops/bit_ops_aeabi.S.obj
                0x20000260                aeabi_bits_funcs
                0x20000270                aeabi_bits_funcs_end
 .data.aeabi_mem_funcs
                0x20000270       0x10 CMakeFiles/button_buzzer_bdl.dir/C_/pico/pico-sdk/src/rp2_common/pico_mem_ops/mem_ops_aeabi.S.obj
                0x20000270                aeabi_mem_funcs
                0x20000280                aeabi_mem_funcs_end
                0x20000280                . = ALIGN (0x4)
 *(.after_data.*)
                0x20000280                . = ALIGN (0x4)
                0x20000280                PROVIDE (__mutex_array_start = .)
 *(SORT_BY_NAME(.mutex_array.*))
 *(.mutex_array)
 .mutex_array   0x20000280        0x8 CMakeFiles/button_buzzer_bdl.dir/C_/pico/pico-sdk/src/rp2_common/pico_stdio/stdio.c.obj
                0x20000288                PROVIDE (__mutex_array_end = .)
                0x20000288                . = ALIGN (0x4)
 *(.jcr)
                0x20000288                . = ALIGN (0x4)

.igot.plt       0x20000288        0x0 load address 0x1000427c
 .igot.plt      0x20000288        0x0 c:/progra~2/gnuarm~1/102021~1.10/bin/../lib/gcc/arm-none-eabi/10.3.1/thumb/v6-m/nofp/crtbegin.o

.tdata          0x20000288        0x0 load address 0x1000427c
                0x20000288                . = ALIGN (0x4)
 *(.tdata .tdata.* .gnu.linkonce.td.*)
                0x20000288                __tdata_end = .
                0x20000288                PROVIDE (__data_end__ = .)
                0x100040b4                __etext = LOADADDR (.data)

.tbss           0x20000288        0x0 load address 0x1000427c
                0x20000288                . = ALIGN (0x4)
                0x20000288                __bss_start__ = .
                0x20000288                __tls_base = .
 *(.tbss .tbss.* .gnu.linkonce.tb.*)
 *(.tcommon)
                0x20000288                __tls_end = .

.bss            0x20000288      0x3e8 load address 0x1000427c
                0x20000288                . = ALIGN (0x4)
                0x20000288                __tbss_end = .
 *(SORT_BY_ALIGNMENT(SORT_BY_NAME(.bss*)))
 .bss.default_alarm_pool_entries
                0x20000288      0x180 CMakeFiles/button_buzzer_bdl.dir/C_/pico/pico-sdk/src/common/pico_time/time.c.obj
 .bss           0x20000408       0x1c c:/progra~2/gnuarm~1/102021~1.10/bin/../lib/gcc/arm-none-eabi/10.3.1/thumb/v6-m/nofp/crtbegin.o
 .bss.claimed   0x20000424        0x1 CMakeFiles/button_buzzer_bdl.dir/C_/pico/pico-sdk/src/rp2_common/hardware_timer/timer.c.obj
 *fill*         0x20000425        0x3 
 .bss.configured_freq
                0x20000428       0x28 CMakeFiles/button_buzzer_bdl.dir/C_/pico/pico-sdk/src/rp2_common/hardware_clocks/clocks.c.obj
 .bss.drivers   0x20000450        0x4 CMakeFiles/button_buzzer_bdl.dir/C_/pico/pico-sdk/src/rp2_common/pico_stdio/stdio.c.obj
 .bss.filter    0x20000454        0x4 CMakeFiles/button_buzzer_bdl.dir/C_/pico/pico-sdk/src/rp2_common/pico_stdio/stdio.c.obj
 .bss.pools     0x20000458       0x10 CMakeFiles/button_buzzer_bdl.dir/C_/pico/pico-sdk/src/common/pico_time/time.c.obj
 .bss.sd_table  0x20000468      0x100 CMakeFiles/button_buzzer_bdl.dir/C_/pico/pico-sdk/src/rp2_common/pico_double/double_init_rom_rp2040.c.obj
                0x20000468                sd_table
 .bss.sf_clz_func
                0x20000568        0x4 CMakeFiles/button_buzzer_bdl.dir/C_/pico/pico-sdk/src/rp2_common/pico_double/double_init_rom_rp2040.c.obj
                0x20000568                sf_clz_func
 .bss.sf_table  0x2000056c      0x100 CMakeFiles/button_buzzer_bdl.dir/C_/pico/pico-sdk/src/rp2_common/pico_float/float_init_rom_rp2040.c.obj
                0x2000056c                sf_table
 .bss.sleep_notifier
                0x2000066c        0x4 CMakeFiles/button_buzzer_bdl.dir/C_/pico/pico-sdk/src/common/pico_time/time.c.obj
 *(COMMON)
                0x20000670                . = ALIGN (0x4)
                0x20000670                __bss_end__ = .

.heap           0x20000670      0x800 load address 0x1000427c
                0x20000670                __end__ = .
                0x20000670                end = __end__
 *(.heap*)
 .heap          0x20000670      0x800 CMakeFiles/button_buzzer_bdl.dir/C_/pico/pico-sdk/src/rp2_common/pico_crt0/crt0.S.obj
                0x20040000                __HeapLimit = (ORIGIN (RAM) + LENGTH (RAM))

.scratch_x      0x20040000        0x0 load address 0x1000427c
                0x20040000                __scratch_x_start__ = .
 *(.scratch_x.*)
                0x20040000                . = ALIGN (0x4)
                0x20040000                __scratch_x_end__ = .
                0x1000427c                __scratch_x_source__ = LOADADDR (.scratch_x)

.scratch_y      0x20041000        0x0 load address 0x1000427c
                0x20041000                __scratch_y_start__ = .
 *(.scratch_y.*)
                0x20041000                . = ALIGN (0x4)
                0x20041000                __scratch_y_end__ = .
                0x1000427c                __scratch_y_source__ = LOADADDR (.scratch_y)

.stack1_dummy   0x20040000        0x0
 *(.stack1*)

.stack_dummy    0x20041000      0x800
 *(.stack*)
 .stack         0x20041000      0x800 CMakeFiles/button_buzzer_bdl.dir/C_/pico/pico-sdk/src/rp2_common/pico_crt0/crt0.S.obj

.flash_end      0x1000427c        0x0
 *(.embedded_end_block*)
                0x1000427c                PROVIDE (__flash_binary_end = .)
                0x20040000                __StackLimit = (ORIGIN (RAM) + LENGTH (RAM))
                0x20041000                __StackOneTop = (ORIGIN (SCRATCH_X) + LENGTH (SCRATCH_X))
                0x20042000                __StackTop = (ORIGIN (SCRATCH_Y) + LENGTH (SCRATCH_Y))
                0x20041000                __StackOneBottom = (__StackOneTop - SIZEOF (.stack1_dummy))
                0x20041800                __StackBottom = (__StackTop - SIZEOF (.stack_dummy))
                0x20042000                PROVIDE (__stack = __StackTop)
                [!provide]                PROVIDE (__heap_start = __end__)
                [!provide]                PROVIDE (__heap_end = __HeapLimit)
                [!provide]                PROVIDE (__tls_align = MAX (ALIGNOF (.tdata), ALIGNOF (.tbss)))
                [!provide]                PROVIDE (__tls_size_align = (((__tls_size + __tls_align) - 0x1) & ~ ((__tls_align - 0x1))))
                [!provide]                PROVIDE (__arm32_tls_tcb_offset = MAX (0x8, __tls_align))
                [!provide]                PROVIDE (_end = __end__)
                [!provide]                PROVIDE (__llvm_libc_heap_limit = __HeapLimit)
                0x00000001                ASSERT ((__StackLimit >= __HeapLimit), region RAM overflowed)
                0x00000001                ASSERT (((__binary_info_header_end - __logical_binary_start) <= 0x100), Binary info must be in first 256 bytes of the binary)
LOAD CMakeFiles/button_buzzer_bdl.dir/button_buzzer_bdl.c.obj
LOAD CMakeFiles/button_buzzer_bdl.dir/C_/pico/pico-sdk/src/rp2_common/pico_stdlib/stdlib.c.obj
LOAD CMakeFiles/button_buzzer_bdl.dir/C_/pico/pico-sdk/src/rp2_common/hardware_gpio/gpio.c.obj
LOAD CMakeFiles/button_buzzer_bdl.dir/C_/pico/pico-sdk/src/rp2040/pico_platform/platform.c.obj
LOAD CMakeFiles/button_buzzer_bdl.dir/C_/pico/pico-sdk/src/rp2_common/pico_platform_panic/panic.c.obj
LOAD CMakeFiles/button_buzzer_bdl.dir/C_/pico/pico-sdk/src/common/hardware_claim/claim.c.obj
LOAD CMakeFiles/button_buzzer_bdl.dir/C_/pico/pico-sdk/src/rp2_common/hardware_sync/sync.c.obj
LOAD CMakeFiles/button_buzzer_bdl.dir/C_/pico/pico-sdk/src/rp2_common/hardware_sync_spin_lock/sync_spin_lock.c.obj
LOAD CMakeFiles/button_buzzer_bdl.dir/C_/pico/pico-sdk/src/rp2_common/hardware_irq/irq.c.obj
LOAD CMakeFiles/button_buzzer_bdl.dir/C_/pico/pico-sdk/src/rp2_common/hardware_irq/irq_handler_chain.S.obj
LOAD CMakeFiles/button_buzzer_bdl.dir/C_/pico/pico-sdk/src/common/pico_sync/sem.c.obj
LOAD CMakeFiles/button_buzzer_bdl.dir/C_/pico/pico-sdk/src/common/pico_sync/lock_core.c.obj
LOAD CMakeFiles/button_buzzer_bdl.dir/C_/pico/pico-sdk/src/common/pico_sync/mutex.c.obj
LOAD CMakeFiles/button_buzzer_bdl.dir/C_/pico/pico-sdk/src/common/pico_sync/critical_section.c.obj
LOAD CMakeFiles/button_buzzer_bdl.dir/C_/pico/pico-sdk/src/common/pico_time/time.c.obj
LOAD CMakeFiles/button_buzzer_bdl.dir/C_/pico/pico-sdk/src/common/pico_time/timeout_helper.c.obj
LOAD CMakeFiles/button_buzzer_bdl.dir/C_/pico/pico-sdk/src/rp2_common/hardware_timer/timer.c.obj
LOAD CMakeFiles/button_buzzer_bdl.dir/C_/pico/pico-sdk/src/common/pico_util/datetime.c.obj
LOAD CMakeFiles/button_buzzer_bdl.dir/C_/pico/pico-sdk/src/common/pico_util/pheap.c.obj
LOAD CMakeFiles/button_buzzer_bdl.dir/C_/pico/pico-sdk/src/common/pico_util/queue.c.obj
LOAD CMakeFiles/button_buzzer_bdl.dir/C_/pico/pico-sdk/src/rp2_common/hardware_uart/uart.c.obj
LOAD CMakeFiles/button_buzzer_bdl.dir/C_/pico/pico-sdk/src/rp2_common/hardware_clocks/clocks.c.obj
LOAD CMakeFiles/button_buzzer_bdl.dir/C_/pico/pico-sdk/src/rp2_common/hardware_pll/pll.c.obj
LOAD CMakeFiles/button_buzzer_bdl.dir/C_/pico/pico-sdk/src/rp2_common/hardware_vreg/vreg.c.obj
LOAD CMakeFiles/button_buzzer_bdl.dir/C_/pico/pico-sdk/src/rp2_common/hardware_watchdog/watchdog.c.obj
LOAD CMakeFiles/button_buzzer_bdl.dir/C_/pico/pico-sdk/src/rp2_common/hardware_ticks/ticks.c.obj
LOAD CMakeFiles/button_buzzer_bdl.dir/C_/pico/pico-sdk/src/rp2_common/pico_bootrom/bootrom.c.obj
LOAD CMakeFiles/button_buzzer_bdl.dir/C_/pico/pico-sdk/src/rp2_common/pico_bootrom/bootrom_lock.c.obj
LOAD CMakeFiles/button_buzzer_bdl.dir/C_/pico/pico-sdk/src/rp2_common/hardware_boot_lock/boot_lock.c.obj
LOAD CMakeFiles/button_buzzer_bdl.dir/C_/pico/pico-sdk/src/rp2_common/pico_flash/flash.c.obj
LOAD CMakeFiles/button_buzzer_bdl.dir/C_/pico/pico-sdk/src/rp2_common/hardware_xosc/xosc.c.obj
LOAD CMakeFiles/button_buzzer_bdl.dir/C_/pico/pico-sdk/src/rp2_common/hardware_divider/divider.S.obj
LOAD CMakeFiles/button_buzzer_bdl.dir/C_/pico/pico-sdk/src/rp2_common/pico_runtime/runtime.c.obj
LOAD CMakeFiles/button_buzzer_bdl.dir/C_/pico/pico-sdk/src/rp2_common/pico_runtime_init/runtime_init.c.obj
LOAD CMakeFiles/button_buzzer_bdl.dir/C_/pico/pico-sdk/src/rp2_common/pico_runtime_init/runtime_init_clocks.c.obj
LOAD CMakeFiles/button_buzzer_bdl.dir/C_/pico/pico-sdk/src/rp2_common/pico_runtime_init/runtime_init_stack_guard.c.obj
LOAD CMakeFiles/button_buzzer_bdl.dir/C_/pico/pico-sdk/src/rp2_common/pico_bit_ops/bit_ops_aeabi.S.obj
LOAD CMakeFiles/button_buzzer_bdl.dir/C_/pico/pico-sdk/src/rp2_common/pico_divider/divider_hardware.S.obj
LOAD CMakeFiles/button_buzzer_bdl.dir/C_/pico/pico-sdk/src/rp2_common/pico_double/double_aeabi_rp2040.S.obj
LOAD CMakeFiles/button_buzzer_bdl.dir/C_/pico/pico-sdk/src/rp2_common/pico_double/double_init_rom_rp2040.c.obj
LOAD CMakeFiles/button_buzzer_bdl.dir/C_/pico/pico-sdk/src/rp2_common/pico_double/double_math.c.obj
LOAD CMakeFiles/button_buzzer_bdl.dir/C_/pico/pico-sdk/src/rp2_common/pico_double/double_v1_rom_shim_rp2040.S.obj
LOAD CMakeFiles/button_buzzer_bdl.dir/C_/pico/pico-sdk/src/rp2_common/pico_int64_ops/pico_int64_ops_aeabi.S.obj
LOAD CMakeFiles/button_buzzer_bdl.dir/C_/pico/pico-sdk/src/rp2_common/pico_float/float_aeabi_rp2040.S.obj
LOAD CMakeFiles/button_buzzer_bdl.dir/C_/pico/pico-sdk/src/rp2_common/pico_float/float_init_rom_rp2040.c.obj
LOAD CMakeFiles/button_buzzer_bdl.dir/C_/pico/pico-sdk/src/rp2_common/pico_float/float_math.c.obj
LOAD CMakeFiles/button_buzzer_bdl.dir/C_/pico/pico-sdk/src/rp2_common/pico_float/float_v1_rom_shim_rp2040.S.obj
LOAD CMakeFiles/button_buzzer_bdl.dir/C_/pico/pico-sdk/src/rp2_common/pico_malloc/malloc.c.obj
LOAD CMakeFiles/button_buzzer_bdl.dir/C_/pico/pico-sdk/src/rp2_common/pico_mem_ops/mem_ops_aeabi.S.obj
LOAD CMakeFiles/button_buzzer_bdl.dir/C_/pico/pico-sdk/src/rp2_common/pico_atomic/atomic.c.obj
LOAD CMakeFiles/button_buzzer_bdl.dir/C_/pico/pico-sdk/src/rp2_common/pico_cxx_options/new_delete.cpp.obj
LOAD CMakeFiles/button_buzzer_bdl.dir/C_/pico/pico-sdk/src/rp2_common/pico_standard_binary_info/standard_binary_info.c.obj
LOAD CMakeFiles/button_buzzer_bdl.dir/C_/pico/pico-sdk/src/rp2_common/pico_printf/printf.c.obj
LOAD CMakeFiles/button_buzzer_bdl.dir/C_/pico/pico-sdk/src/rp2_common/pico_crt0/crt0.S.obj
LOAD CMakeFiles/button_buzzer_bdl.dir/C_/pico/pico-sdk/src/rp2_common/pico_clib_interface/newlib_interface.c.obj
LOAD CMakeFiles/button_buzzer_bdl.dir/C_/pico/pico-sdk/src/rp2_common/pico_stdio/stdio.c.obj
LOAD CMakeFiles/button_buzzer_bdl.dir/C_/pico/pico-sdk/src/rp2_common/pico_stdio_uart/stdio_uart.c.obj
LOAD ..\..\pico-sdk\src\rp2040\boot_stage2\CMakeFiles\bs2_default_library.dir\bs2_default_padded_checksummed.S.obj
LOAD c:/progra~2/gnuarm~1/102021~1.10/bin/../lib/gcc/arm-none-eabi/10.3.1/../../../../arm-none-eabi/lib/thumb/v6-m/nofp\libstdc++.a
LOAD c:/progra~2/gnuarm~1/102021~1.10/bin/../lib/gcc/arm-none-eabi/10.3.1/../../../../arm-none-eabi/lib/thumb/v6-m/nofp\libm.a
START GROUP
LOAD c:/progra~2/gnuarm~1/102021~1.10/bin/../lib/gcc/arm-none-eabi/10.3.1/thumb/v6-m/nofp\libgcc.a
LOAD c:/progra~2/gnuarm~1/102021~1.10/bin/../lib/gcc/arm-none-eabi/10.3.1/../../../../arm-none-eabi/lib/thumb/v6-m/nofp\libg.a
LOAD c:/progra~2/gnuarm~1/102021~1.10/bin/../lib/gcc/arm-none-eabi/10.3.1/../../../../arm-none-eabi/lib/thumb/v6-m/nofp\libc.a
END GROUP
START GROUP
LOAD c:/progra~2/gnuarm~1/102021~1.10/bin/../lib/gcc/arm-none-eabi/10.3.1/thumb/v6-m/nofp\libgcc.a
LOAD c:/progra~2/gnuarm~1/102021~1.10/bin/../lib/gcc/arm-none-eabi/10.3.1/../../../../arm-none-eabi/lib/thumb/v6-m/nofp\libc.a
LOAD c:/progra~2/gnuarm~1/102021~1.10/bin/../lib/gcc/arm-none-eabi/10.3.1/../../../../arm-none-eabi/lib/thumb/v6-m/nofp\libnosys.a
END GROUP
LOAD c:/progra~2/gnuarm~1/102021~1.10/bin/../lib/gcc/arm-none-eabi/10.3.1/thumb/v6-m/nofp/crtend.o
LOAD c:/progra~2/gnuarm~1/102021~1.10/bin/../lib/gcc/arm-none-eabi/10.3.1/thumb/v6-m/nofp/crtn.o
OUTPUT(button_buzzer_bdl.elf elf32-littlearm)
LOAD linker stubs

.ARM.attributes
                0x00000000       0x28
 .ARM.attributes
                0x00000000       0x1e c:/progra~2/gnuarm~1/102021~1.10/bin/../lib/gcc/arm-none-eabi/10.3.1/thumb/v6-m/nofp/crti.o
 .ARM.attributes
                0x0000001e       0x2c c:/progra~2/gnuarm~1/102021~1.10/bin/../lib/gcc/arm-none-eabi/10.3.1/thumb/v6-m/nofp/crtbegin.o
 .ARM.attributes
                0x0000004a       0x2c CMakeFiles/button_buzzer_bdl.dir/button_buzzer_bdl.c.obj
 .ARM.attributes
                0x00000076       0x2c CMakeFiles/button_buzzer_bdl.dir/C_/pico/pico-sdk/src/rp2_common/hardware_gpio/gpio.c.obj
 .ARM.attributes
                0x000000a2       0x2c CMakeFiles/button_buzzer_bdl.dir/C_/pico/pico-sdk/src/rp2_common/pico_platform_panic/panic.c.obj
 .ARM.attributes
                0x000000ce       0x2c CMakeFiles/button_buzzer_bdl.dir/C_/pico/pico-sdk/src/common/hardware_claim/claim.c.obj
 .ARM.attributes
                0x000000fa       0x2c CMakeFiles/button_buzzer_bdl.dir/C_/pico/pico-sdk/src/rp2_common/hardware_sync/sync.c.obj
 .ARM.attributes
                0x00000126       0x2c CMakeFiles/button_buzzer_bdl.dir/C_/pico/pico-sdk/src/rp2_common/hardware_sync_spin_lock/sync_spin_lock.c.obj
 .ARM.attributes
                0x00000152       0x2c CMakeFiles/button_buzzer_bdl.dir/C_/pico/pico-sdk/src/rp2_common/hardware_irq/irq.c.obj
 .ARM.attributes
                0x0000017e       0x2c CMakeFiles/button_buzzer_bdl.dir/C_/pico/pico-sdk/src/common/pico_sync/lock_core.c.obj
 .ARM.attributes
                0x000001aa       0x2c CMakeFiles/button_buzzer_bdl.dir/C_/pico/pico-sdk/src/common/pico_sync/mutex.c.obj
 .ARM.attributes
                0x000001d6       0x2c CMakeFiles/button_buzzer_bdl.dir/C_/pico/pico-sdk/src/common/pico_time/time.c.obj
 .ARM.attributes
                0x00000202       0x2c CMakeFiles/button_buzzer_bdl.dir/C_/pico/pico-sdk/src/rp2_common/hardware_timer/timer.c.obj
 .ARM.attributes
                0x0000022e       0x2c CMakeFiles/button_buzzer_bdl.dir/C_/pico/pico-sdk/src/rp2_common/hardware_clocks/clocks.c.obj
 .ARM.attributes
                0x0000025a       0x2c CMakeFiles/button_buzzer_bdl.dir/C_/pico/pico-sdk/src/rp2_common/hardware_pll/pll.c.obj
 .ARM.attributes
                0x00000286       0x2c CMakeFiles/button_buzzer_bdl.dir/C_/pico/pico-sdk/src/rp2_common/hardware_ticks/ticks.c.obj
 .ARM.attributes
                0x000002b2       0x2c CMakeFiles/button_buzzer_bdl.dir/C_/pico/pico-sdk/src/rp2_common/pico_bootrom/bootrom.c.obj
 .ARM.attributes
                0x000002de       0x2c CMakeFiles/button_buzzer_bdl.dir/C_/pico/pico-sdk/src/rp2_common/hardware_xosc/xosc.c.obj
 .ARM.attributes
                0x0000030a       0x2c CMakeFiles/button_buzzer_bdl.dir/C_/pico/pico-sdk/src/rp2_common/pico_runtime/runtime.c.obj
 .ARM.attributes
                0x00000336       0x2c CMakeFiles/button_buzzer_bdl.dir/C_/pico/pico-sdk/src/rp2_common/pico_runtime_init/runtime_init.c.obj
 .ARM.attributes
                0x00000362       0x2c CMakeFiles/button_buzzer_bdl.dir/C_/pico/pico-sdk/src/rp2_common/pico_runtime_init/runtime_init_clocks.c.obj
 .ARM.attributes
                0x0000038e       0x22 CMakeFiles/button_buzzer_bdl.dir/C_/pico/pico-sdk/src/rp2_common/pico_bit_ops/bit_ops_aeabi.S.obj
 .ARM.attributes
                0x000003b0       0x22 CMakeFiles/button_buzzer_bdl.dir/C_/pico/pico-sdk/src/rp2_common/pico_divider/divider_hardware.S.obj
 .ARM.attributes
                0x000003d2       0x22 CMakeFiles/button_buzzer_bdl.dir/C_/pico/pico-sdk/src/rp2_common/pico_double/double_aeabi_rp2040.S.obj
 .ARM.attributes
                0x000003f4       0x2c CMakeFiles/button_buzzer_bdl.dir/C_/pico/pico-sdk/src/rp2_common/pico_double/double_init_rom_rp2040.c.obj
 .ARM.attributes
                0x00000420       0x22 CMakeFiles/button_buzzer_bdl.dir/C_/pico/pico-sdk/src/rp2_common/pico_double/double_v1_rom_shim_rp2040.S.obj
 .ARM.attributes
                0x00000442       0x22 CMakeFiles/button_buzzer_bdl.dir/C_/pico/pico-sdk/src/rp2_common/pico_int64_ops/pico_int64_ops_aeabi.S.obj
 .ARM.attributes
                0x00000464       0x22 CMakeFiles/button_buzzer_bdl.dir/C_/pico/pico-sdk/src/rp2_common/pico_float/float_aeabi_rp2040.S.obj
 .ARM.attributes
                0x00000486       0x2c CMakeFiles/button_buzzer_bdl.dir/C_/pico/pico-sdk/src/rp2_common/pico_float/float_init_rom_rp2040.c.obj
 .ARM.attributes
                0x000004b2       0x22 CMakeFiles/button_buzzer_bdl.dir/C_/pico/pico-sdk/src/rp2_common/pico_float/float_v1_rom_shim_rp2040.S.obj
 .ARM.attributes
                0x000004d4       0x22 CMakeFiles/button_buzzer_bdl.dir/C_/pico/pico-sdk/src/rp2_common/pico_mem_ops/mem_ops_aeabi.S.obj
 .ARM.attributes
                0x000004f6       0x2c CMakeFiles/button_buzzer_bdl.dir/C_/pico/pico-sdk/src/rp2_common/pico_standard_binary_info/standard_binary_info.c.obj
 .ARM.attributes
                0x00000522       0x2c CMakeFiles/button_buzzer_bdl.dir/C_/pico/pico-sdk/src/rp2_common/pico_printf/printf.c.obj
 .ARM.attributes
                0x0000054e       0x22 CMakeFiles/button_buzzer_bdl.dir/C_/pico/pico-sdk/src/rp2_common/pico_crt0/crt0.S.obj
 .ARM.attributes
                0x00000570       0x2c CMakeFiles/button_buzzer_bdl.dir/C_/pico/pico-sdk/src/rp2_common/pico_clib_interface/newlib_interface.c.obj
 .ARM.attributes
                0x0000059c       0x2c CMakeFiles/button_buzzer_bdl.dir/C_/pico/pico-sdk/src/rp2_common/pico_stdio/stdio.c.obj
 .ARM.attributes
                0x000005c8       0x22 ..\..\pico-sdk\src\rp2040\boot_stage2\CMakeFiles\bs2_default_library.dir\bs2_default_padded_checksummed.S.obj
 .ARM.attributes
                0x000005ea       0x1e c:/progra~2/gnuarm~1/102021~1.10/bin/../lib/gcc/arm-none-eabi/10.3.1/thumb/v6-m/nofp\libgcc.a(_dvmd_tls.o)
 .ARM.attributes
                0x00000608       0x2c c:/progra~2/gnuarm~1/102021~1.10/bin/../lib/gcc/arm-none-eabi/10.3.1/../../../../arm-none-eabi/lib/thumb/v6-m/nofp\libg.a(lib_a-strlen-stub.o)

.comment        0x00000000       0x49
 .comment       0x00000000       0x49 CMakeFiles/button_buzzer_bdl.dir/button_buzzer_bdl.c.obj
                                 0x4a (size before relaxing)
 .comment       0x00000049       0x4a CMakeFiles/button_buzzer_bdl.dir/C_/pico/pico-sdk/src/rp2_common/hardware_gpio/gpio.c.obj
 .comment       0x00000049       0x4a CMakeFiles/button_buzzer_bdl.dir/C_/pico/pico-sdk/src/rp2_common/pico_platform_panic/panic.c.obj
 .comment       0x00000049       0x4a CMakeFiles/button_buzzer_bdl.dir/C_/pico/pico-sdk/src/common/hardware_claim/claim.c.obj
 .comment       0x00000049       0x4a CMakeFiles/button_buzzer_bdl.dir/C_/pico/pico-sdk/src/rp2_common/hardware_sync/sync.c.obj
 .comment       0x00000049       0x4a CMakeFiles/button_buzzer_bdl.dir/C_/pico/pico-sdk/src/rp2_common/hardware_sync_spin_lock/sync_spin_lock.c.obj
 .comment       0x00000049       0x4a CMakeFiles/button_buzzer_bdl.dir/C_/pico/pico-sdk/src/rp2_common/hardware_irq/irq.c.obj
 .comment       0x00000049       0x4a CMakeFiles/button_buzzer_bdl.dir/C_/pico/pico-sdk/src/common/pico_sync/lock_core.c.obj
 .comment       0x00000049       0x4a CMakeFiles/button_buzzer_bdl.dir/C_/pico/pico-sdk/src/common/pico_sync/mutex.c.obj
 .comment       0x00000049       0x4a CMakeFiles/button_buzzer_bdl.dir/C_/pico/pico-sdk/src/common/pico_time/time.c.obj
 .comment       0x00000049       0x4a CMakeFiles/button_buzzer_bdl.dir/C_/pico/pico-sdk/src/rp2_common/hardware_timer/timer.c.obj
 .comment       0x00000049       0x4a CMakeFiles/button_buzzer_bdl.dir/C_/pico/pico-sdk/src/rp2_common/hardware_clocks/clocks.c.obj
 .comment       0x00000049       0x4a CMakeFiles/button_buzzer_bdl.dir/C_/pico/pico-sdk/src/rp2_common/hardware_pll/pll.c.obj
 .comment       0x00000049       0x4a CMakeFiles/button_buzzer_bdl.dir/C_/pico/pico-sdk/src/rp2_common/hardware_ticks/ticks.c.obj
 .comment       0x00000049       0x4a CMakeFiles/button_buzzer_bdl.dir/C_/pico/pico-sdk/src/rp2_common/pico_bootrom/bootrom.c.obj
 .comment       0x00000049       0x4a CMakeFiles/button_buzzer_bdl.dir/C_/pico/pico-sdk/src/rp2_common/hardware_xosc/xosc.c.obj
 .comment       0x00000049       0x4a CMakeFiles/button_buzzer_bdl.dir/C_/pico/pico-sdk/src/rp2_common/pico_runtime/runtime.c.obj
 .comment       0x00000049       0x4a CMakeFiles/button_buzzer_bdl.dir/C_/pico/pico-sdk/src/rp2_common/pico_runtime_init/runtime_init.c.obj
 .comment       0x00000049       0x4a CMakeFiles/button_buzzer_bdl.dir/C_/pico/pico-sdk/src/rp2_common/pico_runtime_init/runtime_init_clocks.c.obj
 .comment       0x00000049       0x4a CMakeFiles/button_buzzer_bdl.dir/C_/pico/pico-sdk/src/rp2_common/pico_double/double_init_rom_rp2040.c.obj
 .comment       0x00000049       0x4a CMakeFiles/button_buzzer_bdl.dir/C_/pico/pico-sdk/src/rp2_common/pico_float/float_init_rom_rp2040.c.obj
 .comment       0x00000049       0x4a CMakeFiles/button_buzzer_bdl.dir/C_/pico/pico-sdk/src/rp2_common/pico_standard_binary_info/standard_binary_info.c.obj
 .comment       0x00000049       0x4a CMakeFiles/button_buzzer_bdl.dir/C_/pico/pico-sdk/src/rp2_common/pico_printf/printf.c.obj
 .comment       0x00000049       0x4a CMakeFiles/button_buzzer_bdl.dir/C_/pico/pico-sdk/src/rp2_common/pico_clib_interface/newlib_interface.c.obj
 .comment       0x00000049       0x4a CMakeFiles/button_buzzer_bdl.dir/C_/pico/pico-sdk/src/rp2_common/pico_stdio/stdio.c.obj

.debug_info     0x00000000    0x149e3
 .debug_info    0x00000000     0x12d3 CMakeFiles/button_buzzer_bdl.dir/button_buzzer_bdl.c.obj
 .debug_info    0x000012d3     0x1d56 CMakeFiles/button_buzzer_bdl.dir/C_/pico/pico-sdk/src/rp2_common/hardware_gpio/gpio.c.obj
 .debug_info    0x00003029      0x19c CMakeFiles/button_buzzer_bdl.dir/C_/pico/pico-sdk/src/rp2_common/pico_platform_panic/panic.c.obj
 .debug_info    0x000031c5      0x6d2 CMakeFiles/button_buzzer_bdl.dir/C_/pico/pico-sdk/src/common/hardware_claim/claim.c.obj
 .debug_info    0x00003897      0x409 CMakeFiles/button_buzzer_bdl.dir/C_/pico/pico-sdk/src/rp2_common/hardware_sync/sync.c.obj
 .debug_info    0x00003ca0      0x2de CMakeFiles/button_buzzer_bdl.dir/C_/pico/pico-sdk/src/rp2_common/hardware_sync_spin_lock/sync_spin_lock.c.obj
 .debug_info    0x00003f7e     0x200a CMakeFiles/button_buzzer_bdl.dir/C_/pico/pico-sdk/src/rp2_common/hardware_irq/irq.c.obj
 .debug_info    0x00005f88      0x1b0 CMakeFiles/button_buzzer_bdl.dir/C_/pico/pico-sdk/src/common/pico_sync/lock_core.c.obj
 .debug_info    0x00006138     0x1f7f CMakeFiles/button_buzzer_bdl.dir/C_/pico/pico-sdk/src/common/pico_sync/mutex.c.obj
 .debug_info    0x000080b7     0x35ca CMakeFiles/button_buzzer_bdl.dir/C_/pico/pico-sdk/src/common/pico_time/time.c.obj
 .debug_info    0x0000b681     0x199a CMakeFiles/button_buzzer_bdl.dir/C_/pico/pico-sdk/src/rp2_common/hardware_timer/timer.c.obj
 .debug_info    0x0000d01b     0x1512 CMakeFiles/button_buzzer_bdl.dir/C_/pico/pico-sdk/src/rp2_common/hardware_clocks/clocks.c.obj
 .debug_info    0x0000e52d      0x663 CMakeFiles/button_buzzer_bdl.dir/C_/pico/pico-sdk/src/rp2_common/hardware_pll/pll.c.obj
 .debug_info    0x0000eb90      0x2c4 CMakeFiles/button_buzzer_bdl.dir/C_/pico/pico-sdk/src/rp2_common/hardware_ticks/ticks.c.obj
 .debug_info    0x0000ee54      0x3ad CMakeFiles/button_buzzer_bdl.dir/C_/pico/pico-sdk/src/rp2_common/pico_bootrom/bootrom.c.obj
 .debug_info    0x0000f201      0x1e1 CMakeFiles/button_buzzer_bdl.dir/C_/pico/pico-sdk/src/rp2_common/hardware_xosc/xosc.c.obj
 .debug_info    0x0000f3e2      0x1b2 CMakeFiles/button_buzzer_bdl.dir/C_/pico/pico-sdk/src/rp2_common/pico_runtime/runtime.c.obj
 .debug_info    0x0000f594      0x7e4 CMakeFiles/button_buzzer_bdl.dir/C_/pico/pico-sdk/src/rp2_common/pico_runtime_init/runtime_init.c.obj
 .debug_info    0x0000fd78      0x6fd CMakeFiles/button_buzzer_bdl.dir/C_/pico/pico-sdk/src/rp2_common/pico_runtime_init/runtime_init_clocks.c.obj
 .debug_info    0x00010475       0x22 CMakeFiles/button_buzzer_bdl.dir/C_/pico/pico-sdk/src/rp2_common/pico_bit_ops/bit_ops_aeabi.S.obj
 .debug_info    0x00010497       0x22 CMakeFiles/button_buzzer_bdl.dir/C_/pico/pico-sdk/src/rp2_common/pico_divider/divider_hardware.S.obj
 .debug_info    0x000104b9       0x22 CMakeFiles/button_buzzer_bdl.dir/C_/pico/pico-sdk/src/rp2_common/pico_double/double_aeabi_rp2040.S.obj
 .debug_info    0x000104db      0x2ea CMakeFiles/button_buzzer_bdl.dir/C_/pico/pico-sdk/src/rp2_common/pico_double/double_init_rom_rp2040.c.obj
 .debug_info    0x000107c5       0x22 CMakeFiles/button_buzzer_bdl.dir/C_/pico/pico-sdk/src/rp2_common/pico_double/double_v1_rom_shim_rp2040.S.obj
 .debug_info    0x000107e7       0x26 CMakeFiles/button_buzzer_bdl.dir/C_/pico/pico-sdk/src/rp2_common/pico_int64_ops/pico_int64_ops_aeabi.S.obj
 .debug_info    0x0001080d       0x22 CMakeFiles/button_buzzer_bdl.dir/C_/pico/pico-sdk/src/rp2_common/pico_float/float_aeabi_rp2040.S.obj
 .debug_info    0x0001082f      0x2f0 CMakeFiles/button_buzzer_bdl.dir/C_/pico/pico-sdk/src/rp2_common/pico_float/float_init_rom_rp2040.c.obj
 .debug_info    0x00010b1f       0x22 CMakeFiles/button_buzzer_bdl.dir/C_/pico/pico-sdk/src/rp2_common/pico_float/float_v1_rom_shim_rp2040.S.obj
 .debug_info    0x00010b41       0x22 CMakeFiles/button_buzzer_bdl.dir/C_/pico/pico-sdk/src/rp2_common/pico_mem_ops/mem_ops_aeabi.S.obj
 .debug_info    0x00010b63      0x32c CMakeFiles/button_buzzer_bdl.dir/C_/pico/pico-sdk/src/rp2_common/pico_standard_binary_info/standard_binary_info.c.obj
 .debug_info    0x00010e8f     0x1a5e CMakeFiles/button_buzzer_bdl.dir/C_/pico/pico-sdk/src/rp2_common/pico_printf/printf.c.obj
 .debug_info    0x000128ed       0x22 CMakeFiles/button_buzzer_bdl.dir/C_/pico/pico-sdk/src/rp2_common/pico_crt0/crt0.S.obj
 .debug_info    0x0001290f      0xbb4 CMakeFiles/button_buzzer_bdl.dir/C_/pico/pico-sdk/src/rp2_common/pico_clib_interface/newlib_interface.c.obj
 .debug_info    0x000134c3     0x1520 CMakeFiles/button_buzzer_bdl.dir/C_/pico/pico-sdk/src/rp2_common/pico_stdio/stdio.c.obj

.debug_abbrev   0x00000000     0x42e0
 .debug_abbrev  0x00000000      0x39e CMakeFiles/button_buzzer_bdl.dir/button_buzzer_bdl.c.obj
 .debug_abbrev  0x0000039e      0x402 CMakeFiles/button_buzzer_bdl.dir/C_/pico/pico-sdk/src/rp2_common/hardware_gpio/gpio.c.obj
 .debug_abbrev  0x000007a0       0xf4 CMakeFiles/button_buzzer_bdl.dir/C_/pico/pico-sdk/src/rp2_common/pico_platform_panic/panic.c.obj
 .debug_abbrev  0x00000894      0x2d6 CMakeFiles/button_buzzer_bdl.dir/C_/pico/pico-sdk/src/common/hardware_claim/claim.c.obj
 .debug_abbrev  0x00000b6a      0x1df CMakeFiles/button_buzzer_bdl.dir/C_/pico/pico-sdk/src/rp2_common/hardware_sync/sync.c.obj
 .debug_abbrev  0x00000d49      0x1f0 CMakeFiles/button_buzzer_bdl.dir/C_/pico/pico-sdk/src/rp2_common/hardware_sync_spin_lock/sync_spin_lock.c.obj
 .debug_abbrev  0x00000f39      0x58e CMakeFiles/button_buzzer_bdl.dir/C_/pico/pico-sdk/src/rp2_common/hardware_irq/irq.c.obj
 .debug_abbrev  0x000014c7      0x116 CMakeFiles/button_buzzer_bdl.dir/C_/pico/pico-sdk/src/common/pico_sync/lock_core.c.obj
 .debug_abbrev  0x000015dd      0x3b6 CMakeFiles/button_buzzer_bdl.dir/C_/pico/pico-sdk/src/common/pico_sync/mutex.c.obj
 .debug_abbrev  0x00001993      0x5b8 CMakeFiles/button_buzzer_bdl.dir/C_/pico/pico-sdk/src/common/pico_time/time.c.obj
 .debug_abbrev  0x00001f4b      0x473 CMakeFiles/button_buzzer_bdl.dir/C_/pico/pico-sdk/src/rp2_common/hardware_timer/timer.c.obj
 .debug_abbrev  0x000023be      0x3e8 CMakeFiles/button_buzzer_bdl.dir/C_/pico/pico-sdk/src/rp2_common/hardware_clocks/clocks.c.obj
 .debug_abbrev  0x000027a6      0x21a CMakeFiles/button_buzzer_bdl.dir/C_/pico/pico-sdk/src/rp2_common/hardware_pll/pll.c.obj
 .debug_abbrev  0x000029c0      0x14e CMakeFiles/button_buzzer_bdl.dir/C_/pico/pico-sdk/src/rp2_common/hardware_ticks/ticks.c.obj
 .debug_abbrev  0x00002b0e      0x196 CMakeFiles/button_buzzer_bdl.dir/C_/pico/pico-sdk/src/rp2_common/pico_bootrom/bootrom.c.obj
 .debug_abbrev  0x00002ca4      0x11a CMakeFiles/button_buzzer_bdl.dir/C_/pico/pico-sdk/src/rp2_common/hardware_xosc/xosc.c.obj
 .debug_abbrev  0x00002dbe      0x11c CMakeFiles/button_buzzer_bdl.dir/C_/pico/pico-sdk/src/rp2_common/pico_runtime/runtime.c.obj
 .debug_abbrev  0x00002eda      0x20c CMakeFiles/button_buzzer_bdl.dir/C_/pico/pico-sdk/src/rp2_common/pico_runtime_init/runtime_init.c.obj
 .debug_abbrev  0x000030e6      0x266 CMakeFiles/button_buzzer_bdl.dir/C_/pico/pico-sdk/src/rp2_common/pico_runtime_init/runtime_init_clocks.c.obj
 .debug_abbrev  0x0000334c       0x12 CMakeFiles/button_buzzer_bdl.dir/C_/pico/pico-sdk/src/rp2_common/pico_bit_ops/bit_ops_aeabi.S.obj
 .debug_abbrev  0x0000335e       0x12 CMakeFiles/button_buzzer_bdl.dir/C_/pico/pico-sdk/src/rp2_common/pico_divider/divider_hardware.S.obj
 .debug_abbrev  0x00003370       0x12 CMakeFiles/button_buzzer_bdl.dir/C_/pico/pico-sdk/src/rp2_common/pico_double/double_aeabi_rp2040.S.obj
 .debug_abbrev  0x00003382      0x166 CMakeFiles/button_buzzer_bdl.dir/C_/pico/pico-sdk/src/rp2_common/pico_double/double_init_rom_rp2040.c.obj
 .debug_abbrev  0x000034e8       0x12 CMakeFiles/button_buzzer_bdl.dir/C_/pico/pico-sdk/src/rp2_common/pico_double/double_v1_rom_shim_rp2040.S.obj
 .debug_abbrev  0x000034fa       0x14 CMakeFiles/button_buzzer_bdl.dir/C_/pico/pico-sdk/src/rp2_common/pico_int64_ops/pico_int64_ops_aeabi.S.obj
 .debug_abbrev  0x0000350e       0x12 CMakeFiles/button_buzzer_bdl.dir/C_/pico/pico-sdk/src/rp2_common/pico_float/float_aeabi_rp2040.S.obj
 .debug_abbrev  0x00003520      0x179 CMakeFiles/button_buzzer_bdl.dir/C_/pico/pico-sdk/src/rp2_common/pico_float/float_init_rom_rp2040.c.obj
 .debug_abbrev  0x00003699       0x12 CMakeFiles/button_buzzer_bdl.dir/C_/pico/pico-sdk/src/rp2_common/pico_float/float_v1_rom_shim_rp2040.S.obj
 .debug_abbrev  0x000036ab       0x12 CMakeFiles/button_buzzer_bdl.dir/C_/pico/pico-sdk/src/rp2_common/pico_mem_ops/mem_ops_aeabi.S.obj
 .debug_abbrev  0x000036bd       0xad CMakeFiles/button_buzzer_bdl.dir/C_/pico/pico-sdk/src/rp2_common/pico_standard_binary_info/standard_binary_info.c.obj
 .debug_abbrev  0x0000376a      0x3a2 CMakeFiles/button_buzzer_bdl.dir/C_/pico/pico-sdk/src/rp2_common/pico_printf/printf.c.obj
 .debug_abbrev  0x00003b0c       0x12 CMakeFiles/button_buzzer_bdl.dir/C_/pico/pico-sdk/src/rp2_common/pico_crt0/crt0.S.obj
 .debug_abbrev  0x00003b1e      0x33c CMakeFiles/button_buzzer_bdl.dir/C_/pico/pico-sdk/src/rp2_common/pico_clib_interface/newlib_interface.c.obj
 .debug_abbrev  0x00003e5a      0x486 CMakeFiles/button_buzzer_bdl.dir/C_/pico/pico-sdk/src/rp2_common/pico_stdio/stdio.c.obj

.debug_loc      0x00000000     0xcf1e
 .debug_loc     0x00000000      0x7fc CMakeFiles/button_buzzer_bdl.dir/button_buzzer_bdl.c.obj
 .debug_loc     0x000007fc     0x15b8 CMakeFiles/button_buzzer_bdl.dir/C_/pico/pico-sdk/src/rp2_common/hardware_gpio/gpio.c.obj
 .debug_loc     0x00001db4      0x45f CMakeFiles/button_buzzer_bdl.dir/C_/pico/pico-sdk/src/common/hardware_claim/claim.c.obj
 .debug_loc     0x00002213      0x13f CMakeFiles/button_buzzer_bdl.dir/C_/pico/pico-sdk/src/rp2_common/hardware_sync/sync.c.obj
 .debug_loc     0x00002352       0xf4 CMakeFiles/button_buzzer_bdl.dir/C_/pico/pico-sdk/src/rp2_common/hardware_sync_spin_lock/sync_spin_lock.c.obj
 .debug_loc     0x00002446     0x1441 CMakeFiles/button_buzzer_bdl.dir/C_/pico/pico-sdk/src/rp2_common/hardware_irq/irq.c.obj
 .debug_loc     0x00003887       0x60 CMakeFiles/button_buzzer_bdl.dir/C_/pico/pico-sdk/src/common/pico_sync/lock_core.c.obj
 .debug_loc     0x000038e7     0x1418 CMakeFiles/button_buzzer_bdl.dir/C_/pico/pico-sdk/src/common/pico_sync/mutex.c.obj
 .debug_loc     0x00004cff     0x27dc CMakeFiles/button_buzzer_bdl.dir/C_/pico/pico-sdk/src/common/pico_time/time.c.obj
 .debug_loc     0x000074db      0xf6b CMakeFiles/button_buzzer_bdl.dir/C_/pico/pico-sdk/src/rp2_common/hardware_timer/timer.c.obj
 .debug_loc     0x00008446      0xe30 CMakeFiles/button_buzzer_bdl.dir/C_/pico/pico-sdk/src/rp2_common/hardware_clocks/clocks.c.obj
 .debug_loc     0x00009276      0x351 CMakeFiles/button_buzzer_bdl.dir/C_/pico/pico-sdk/src/rp2_common/hardware_pll/pll.c.obj
 .debug_loc     0x000095c7       0x57 CMakeFiles/button_buzzer_bdl.dir/C_/pico/pico-sdk/src/rp2_common/hardware_ticks/ticks.c.obj
 .debug_loc     0x0000961e      0x2ac CMakeFiles/button_buzzer_bdl.dir/C_/pico/pico-sdk/src/rp2_common/pico_bootrom/bootrom.c.obj
 .debug_loc     0x000098ca       0x71 CMakeFiles/button_buzzer_bdl.dir/C_/pico/pico-sdk/src/rp2_common/hardware_xosc/xosc.c.obj
 .debug_loc     0x0000993b       0x78 CMakeFiles/button_buzzer_bdl.dir/C_/pico/pico-sdk/src/rp2_common/pico_runtime/runtime.c.obj
 .debug_loc     0x000099b3      0x11c CMakeFiles/button_buzzer_bdl.dir/C_/pico/pico-sdk/src/rp2_common/pico_runtime_init/runtime_init.c.obj
 .debug_loc     0x00009acf       0xbf CMakeFiles/button_buzzer_bdl.dir/C_/pico/pico-sdk/src/rp2_common/pico_runtime_init/runtime_init_clocks.c.obj
 .debug_loc     0x00009b8e       0x8c CMakeFiles/button_buzzer_bdl.dir/C_/pico/pico-sdk/src/rp2_common/pico_double/double_init_rom_rp2040.c.obj
 .debug_loc     0x00009c1a       0x73 CMakeFiles/button_buzzer_bdl.dir/C_/pico/pico-sdk/src/rp2_common/pico_float/float_init_rom_rp2040.c.obj
 .debug_loc     0x00009c8d     0x2095 CMakeFiles/button_buzzer_bdl.dir/C_/pico/pico-sdk/src/rp2_common/pico_printf/printf.c.obj
 .debug_loc     0x0000bd22      0x5cf CMakeFiles/button_buzzer_bdl.dir/C_/pico/pico-sdk/src/rp2_common/pico_clib_interface/newlib_interface.c.obj
 .debug_loc     0x0000c2f1      0xc2d CMakeFiles/button_buzzer_bdl.dir/C_/pico/pico-sdk/src/rp2_common/pico_stdio/stdio.c.obj

.debug_aranges  0x00000000      0xec0
 .debug_aranges
                0x00000000       0x30 CMakeFiles/button_buzzer_bdl.dir/button_buzzer_bdl.c.obj
 .debug_aranges
                0x00000030      0x128 CMakeFiles/button_buzzer_bdl.dir/C_/pico/pico-sdk/src/rp2_common/hardware_gpio/gpio.c.obj
 .debug_aranges
                0x00000158       0x28 CMakeFiles/button_buzzer_bdl.dir/C_/pico/pico-sdk/src/rp2_common/pico_platform_panic/panic.c.obj
 .debug_aranges
                0x00000180       0x48 CMakeFiles/button_buzzer_bdl.dir/C_/pico/pico-sdk/src/common/hardware_claim/claim.c.obj
 .debug_aranges
                0x000001c8       0x48 CMakeFiles/button_buzzer_bdl.dir/C_/pico/pico-sdk/src/rp2_common/hardware_sync/sync.c.obj
 .debug_aranges
                0x00000210       0x28 CMakeFiles/button_buzzer_bdl.dir/C_/pico/pico-sdk/src/rp2_common/hardware_sync_spin_lock/sync_spin_lock.c.obj
 .debug_aranges
                0x00000238       0xd8 CMakeFiles/button_buzzer_bdl.dir/C_/pico/pico-sdk/src/rp2_common/hardware_irq/irq.c.obj
 .debug_aranges
                0x00000310       0x20 CMakeFiles/button_buzzer_bdl.dir/C_/pico/pico-sdk/src/common/pico_sync/lock_core.c.obj
 .debug_aranges
                0x00000330       0x98 CMakeFiles/button_buzzer_bdl.dir/C_/pico/pico-sdk/src/common/pico_sync/mutex.c.obj
 .debug_aranges
                0x000003c8       0xf0 CMakeFiles/button_buzzer_bdl.dir/C_/pico/pico-sdk/src/common/pico_time/time.c.obj
 .debug_aranges
                0x000004b8       0xf0 CMakeFiles/button_buzzer_bdl.dir/C_/pico/pico-sdk/src/rp2_common/hardware_timer/timer.c.obj
 .debug_aranges
                0x000005a8       0xa0 CMakeFiles/button_buzzer_bdl.dir/C_/pico/pico-sdk/src/rp2_common/hardware_clocks/clocks.c.obj
 .debug_aranges
                0x00000648       0x28 CMakeFiles/button_buzzer_bdl.dir/C_/pico/pico-sdk/src/rp2_common/hardware_pll/pll.c.obj
 .debug_aranges
                0x00000670       0x30 CMakeFiles/button_buzzer_bdl.dir/C_/pico/pico-sdk/src/rp2_common/hardware_ticks/ticks.c.obj
 .debug_aranges
                0x000006a0       0x40 CMakeFiles/button_buzzer_bdl.dir/C_/pico/pico-sdk/src/rp2_common/pico_bootrom/bootrom.c.obj
 .debug_aranges
                0x000006e0       0x30 CMakeFiles/button_buzzer_bdl.dir/C_/pico/pico-sdk/src/rp2_common/hardware_xosc/xosc.c.obj
 .debug_aranges
                0x00000710       0x40 CMakeFiles/button_buzzer_bdl.dir/C_/pico/pico-sdk/src/rp2_common/pico_runtime/runtime.c.obj
 .debug_aranges
                0x00000750       0x48 CMakeFiles/button_buzzer_bdl.dir/C_/pico/pico-sdk/src/rp2_common/pico_runtime_init/runtime_init.c.obj
 .debug_aranges
                0x00000798       0x28 CMakeFiles/button_buzzer_bdl.dir/C_/pico/pico-sdk/src/rp2_common/pico_runtime_init/runtime_init_clocks.c.obj
 .debug_aranges
                0x000007c0       0x60 CMakeFiles/button_buzzer_bdl.dir/C_/pico/pico-sdk/src/rp2_common/pico_bit_ops/bit_ops_aeabi.S.obj
 .debug_aranges
                0x00000820       0x40 CMakeFiles/button_buzzer_bdl.dir/C_/pico/pico-sdk/src/rp2_common/pico_divider/divider_hardware.S.obj
 .debug_aranges
                0x00000860      0x140 CMakeFiles/button_buzzer_bdl.dir/C_/pico/pico-sdk/src/rp2_common/pico_double/double_aeabi_rp2040.S.obj
 .debug_aranges
                0x000009a0       0x20 CMakeFiles/button_buzzer_bdl.dir/C_/pico/pico-sdk/src/rp2_common/pico_double/double_init_rom_rp2040.c.obj
 .debug_aranges
                0x000009c0       0xc8 CMakeFiles/button_buzzer_bdl.dir/C_/pico/pico-sdk/src/rp2_common/pico_double/double_v1_rom_shim_rp2040.S.obj
 .debug_aranges
                0x00000a88       0x20 CMakeFiles/button_buzzer_bdl.dir/C_/pico/pico-sdk/src/rp2_common/pico_int64_ops/pico_int64_ops_aeabi.S.obj
 .debug_aranges
                0x00000aa8      0x130 CMakeFiles/button_buzzer_bdl.dir/C_/pico/pico-sdk/src/rp2_common/pico_float/float_aeabi_rp2040.S.obj
 .debug_aranges
                0x00000bd8       0x20 CMakeFiles/button_buzzer_bdl.dir/C_/pico/pico-sdk/src/rp2_common/pico_float/float_init_rom_rp2040.c.obj
 .debug_aranges
                0x00000bf8       0x50 CMakeFiles/button_buzzer_bdl.dir/C_/pico/pico-sdk/src/rp2_common/pico_float/float_v1_rom_shim_rp2040.S.obj
 .debug_aranges
                0x00000c48       0x38 CMakeFiles/button_buzzer_bdl.dir/C_/pico/pico-sdk/src/rp2_common/pico_mem_ops/mem_ops_aeabi.S.obj
 .debug_aranges
                0x00000c80       0x18 CMakeFiles/button_buzzer_bdl.dir/C_/pico/pico-sdk/src/rp2_common/pico_standard_binary_info/standard_binary_info.c.obj
 .debug_aranges
                0x00000c98       0x90 CMakeFiles/button_buzzer_bdl.dir/C_/pico/pico-sdk/src/rp2_common/pico_printf/printf.c.obj
 .debug_aranges
                0x00000d28       0x28 CMakeFiles/button_buzzer_bdl.dir/C_/pico/pico-sdk/src/rp2_common/pico_crt0/crt0.S.obj
 .debug_aranges
                0x00000d50       0xa0 CMakeFiles/button_buzzer_bdl.dir/C_/pico/pico-sdk/src/rp2_common/pico_clib_interface/newlib_interface.c.obj
 .debug_aranges
                0x00000df0       0xd0 CMakeFiles/button_buzzer_bdl.dir/C_/pico/pico-sdk/src/rp2_common/pico_stdio/stdio.c.obj

.debug_ranges   0x00000000     0x2f48
 .debug_ranges  0x00000000      0x1a0 CMakeFiles/button_buzzer_bdl.dir/button_buzzer_bdl.c.obj
 .debug_ranges  0x000001a0      0x178 CMakeFiles/button_buzzer_bdl.dir/C_/pico/pico-sdk/src/rp2_common/hardware_gpio/gpio.c.obj
 .debug_ranges  0x00000318       0x18 CMakeFiles/button_buzzer_bdl.dir/C_/pico/pico-sdk/src/rp2_common/pico_platform_panic/panic.c.obj
 .debug_ranges  0x00000330       0xd8 CMakeFiles/button_buzzer_bdl.dir/C_/pico/pico-sdk/src/common/hardware_claim/claim.c.obj
 .debug_ranges  0x00000408       0x68 CMakeFiles/button_buzzer_bdl.dir/C_/pico/pico-sdk/src/rp2_common/hardware_sync/sync.c.obj
 .debug_ranges  0x00000470       0x90 CMakeFiles/button_buzzer_bdl.dir/C_/pico/pico-sdk/src/rp2_common/hardware_sync_spin_lock/sync_spin_lock.c.obj
 .debug_ranges  0x00000500      0x440 CMakeFiles/button_buzzer_bdl.dir/C_/pico/pico-sdk/src/rp2_common/hardware_irq/irq.c.obj
 .debug_ranges  0x00000940       0x10 CMakeFiles/button_buzzer_bdl.dir/C_/pico/pico-sdk/src/common/pico_sync/lock_core.c.obj
 .debug_ranges  0x00000950      0xae0 CMakeFiles/button_buzzer_bdl.dir/C_/pico/pico-sdk/src/common/pico_sync/mutex.c.obj
 .debug_ranges  0x00001430      0xad0 CMakeFiles/button_buzzer_bdl.dir/C_/pico/pico-sdk/src/common/pico_time/time.c.obj
 .debug_ranges  0x00001f00      0x428 CMakeFiles/button_buzzer_bdl.dir/C_/pico/pico-sdk/src/rp2_common/hardware_timer/timer.c.obj
 .debug_ranges  0x00002328      0x170 CMakeFiles/button_buzzer_bdl.dir/C_/pico/pico-sdk/src/rp2_common/hardware_clocks/clocks.c.obj
 .debug_ranges  0x00002498       0x48 CMakeFiles/button_buzzer_bdl.dir/C_/pico/pico-sdk/src/rp2_common/hardware_pll/pll.c.obj
 .debug_ranges  0x000024e0       0x20 CMakeFiles/button_buzzer_bdl.dir/C_/pico/pico-sdk/src/rp2_common/hardware_ticks/ticks.c.obj
 .debug_ranges  0x00002500       0x48 CMakeFiles/button_buzzer_bdl.dir/C_/pico/pico-sdk/src/rp2_common/pico_bootrom/bootrom.c.obj
 .debug_ranges  0x00002548       0x20 CMakeFiles/button_buzzer_bdl.dir/C_/pico/pico-sdk/src/rp2_common/hardware_xosc/xosc.c.obj
 .debug_ranges  0x00002568       0x30 CMakeFiles/button_buzzer_bdl.dir/C_/pico/pico-sdk/src/rp2_common/pico_runtime/runtime.c.obj
 .debug_ranges  0x00002598       0x88 CMakeFiles/button_buzzer_bdl.dir/C_/pico/pico-sdk/src/rp2_common/pico_runtime_init/runtime_init.c.obj
 .debug_ranges  0x00002620       0x30 CMakeFiles/button_buzzer_bdl.dir/C_/pico/pico-sdk/src/rp2_common/pico_runtime_init/runtime_init_clocks.c.obj
 .debug_ranges  0x00002650       0x58 CMakeFiles/button_buzzer_bdl.dir/C_/pico/pico-sdk/src/rp2_common/pico_bit_ops/bit_ops_aeabi.S.obj
 .debug_ranges  0x000026a8       0x38 CMakeFiles/button_buzzer_bdl.dir/C_/pico/pico-sdk/src/rp2_common/pico_divider/divider_hardware.S.obj
 .debug_ranges  0x000026e0      0x138 CMakeFiles/button_buzzer_bdl.dir/C_/pico/pico-sdk/src/rp2_common/pico_double/double_aeabi_rp2040.S.obj
 .debug_ranges  0x00002818       0x30 CMakeFiles/button_buzzer_bdl.dir/C_/pico/pico-sdk/src/rp2_common/pico_double/double_init_rom_rp2040.c.obj
 .debug_ranges  0x00002848       0xc0 CMakeFiles/button_buzzer_bdl.dir/C_/pico/pico-sdk/src/rp2_common/pico_double/double_v1_rom_shim_rp2040.S.obj
 .debug_ranges  0x00002908      0x128 CMakeFiles/button_buzzer_bdl.dir/C_/pico/pico-sdk/src/rp2_common/pico_float/float_aeabi_rp2040.S.obj
 .debug_ranges  0x00002a30       0x28 CMakeFiles/button_buzzer_bdl.dir/C_/pico/pico-sdk/src/rp2_common/pico_float/float_init_rom_rp2040.c.obj
 .debug_ranges  0x00002a58       0x48 CMakeFiles/button_buzzer_bdl.dir/C_/pico/pico-sdk/src/rp2_common/pico_float/float_v1_rom_shim_rp2040.S.obj
 .debug_ranges  0x00002aa0       0x30 CMakeFiles/button_buzzer_bdl.dir/C_/pico/pico-sdk/src/rp2_common/pico_mem_ops/mem_ops_aeabi.S.obj
 .debug_ranges  0x00002ad0      0x108 CMakeFiles/button_buzzer_bdl.dir/C_/pico/pico-sdk/src/rp2_common/pico_printf/printf.c.obj
 .debug_ranges  0x00002bd8       0x20 CMakeFiles/button_buzzer_bdl.dir/C_/pico/pico-sdk/src/rp2_common/pico_crt0/crt0.S.obj
 .debug_ranges  0x00002bf8      0x118 CMakeFiles/button_buzzer_bdl.dir/C_/pico/pico-sdk/src/rp2_common/pico_clib_interface/newlib_interface.c.obj
 .debug_ranges  0x00002d10      0x238 CMakeFiles/button_buzzer_bdl.dir/C_/pico/pico-sdk/src/rp2_common/pico_stdio/stdio.c.obj

.debug_line     0x00000000     0xdd45
 .debug_line    0x00000000      0x68f CMakeFiles/button_buzzer_bdl.dir/button_buzzer_bdl.c.obj